Archive member included to satisfy reference by file (symbol)

D:/STM32CubeIDE/STM32CubeIDE_1.14.1/STM32CubeIDE/plugins/com.st.stm32cube.ide.mcu.externaltools.gnu-tools-for-stm32.11.3.rel1.win32_1.1.100.202309141235/tools/bin/../lib/gcc/arm-none-eabi/11.3.1/../../../../arm-none-eabi/lib/thumb/v7e-m+fp/hard\libc_nano.a(libc_a-exit.o)
                              D:/STM32CubeIDE/STM32CubeIDE_1.14.1/STM32CubeIDE/plugins/com.st.stm32cube.ide.mcu.externaltools.gnu-tools-for-stm32.11.3.rel1.win32_1.1.100.202309141235/tools/bin/../lib/gcc/arm-none-eabi/11.3.1/../../../../arm-none-eabi/lib/thumb/v7e-m+fp/hard/crt0.o (exit)
D:/STM32CubeIDE/STM32CubeIDE_1.14.1/STM32CubeIDE/plugins/com.st.stm32cube.ide.mcu.externaltools.gnu-tools-for-stm32.11.3.rel1.win32_1.1.100.202309141235/tools/bin/../lib/gcc/arm-none-eabi/11.3.1/../../../../arm-none-eabi/lib/thumb/v7e-m+fp/hard\libc_nano.a(libc_a-findfp.o)
                              D:/STM32CubeIDE/STM32CubeIDE_1.14.1/STM32CubeIDE/plugins/com.st.stm32cube.ide.mcu.externaltools.gnu-tools-for-stm32.11.3.rel1.win32_1.1.100.202309141235/tools/bin/../lib/gcc/arm-none-eabi/11.3.1/../../../../arm-none-eabi/lib/thumb/v7e-m+fp/hard\libc_nano.a(libc_a-exit.o) (__stdio_exit_handler)
D:/STM32CubeIDE/STM32CubeIDE_1.14.1/STM32CubeIDE/plugins/com.st.stm32cube.ide.mcu.externaltools.gnu-tools-for-stm32.11.3.rel1.win32_1.1.100.202309141235/tools/bin/../lib/gcc/arm-none-eabi/11.3.1/../../../../arm-none-eabi/lib/thumb/v7e-m+fp/hard\libc_nano.a(libc_a-fwalk.o)
                              D:/STM32CubeIDE/STM32CubeIDE_1.14.1/STM32CubeIDE/plugins/com.st.stm32cube.ide.mcu.externaltools.gnu-tools-for-stm32.11.3.rel1.win32_1.1.100.202309141235/tools/bin/../lib/gcc/arm-none-eabi/11.3.1/../../../../arm-none-eabi/lib/thumb/v7e-m+fp/hard\libc_nano.a(libc_a-findfp.o) (_fwalk_sglue)
D:/STM32CubeIDE/STM32CubeIDE_1.14.1/STM32CubeIDE/plugins/com.st.stm32cube.ide.mcu.externaltools.gnu-tools-for-stm32.11.3.rel1.win32_1.1.100.202309141235/tools/bin/../lib/gcc/arm-none-eabi/11.3.1/../../../../arm-none-eabi/lib/thumb/v7e-m+fp/hard\libc_nano.a(libc_a-stdio.o)
                              D:/STM32CubeIDE/STM32CubeIDE_1.14.1/STM32CubeIDE/plugins/com.st.stm32cube.ide.mcu.externaltools.gnu-tools-for-stm32.11.3.rel1.win32_1.1.100.202309141235/tools/bin/../lib/gcc/arm-none-eabi/11.3.1/../../../../arm-none-eabi/lib/thumb/v7e-m+fp/hard\libc_nano.a(libc_a-findfp.o) (__sread)
D:/STM32CubeIDE/STM32CubeIDE_1.14.1/STM32CubeIDE/plugins/com.st.stm32cube.ide.mcu.externaltools.gnu-tools-for-stm32.11.3.rel1.win32_1.1.100.202309141235/tools/bin/../lib/gcc/arm-none-eabi/11.3.1/../../../../arm-none-eabi/lib/thumb/v7e-m+fp/hard\libc_nano.a(libc_a-vsprintf.o)
                              ./Core/Src/lcd16x2.o (vsprintf)
D:/STM32CubeIDE/STM32CubeIDE_1.14.1/STM32CubeIDE/plugins/com.st.stm32cube.ide.mcu.externaltools.gnu-tools-for-stm32.11.3.rel1.win32_1.1.100.202309141235/tools/bin/../lib/gcc/arm-none-eabi/11.3.1/../../../../arm-none-eabi/lib/thumb/v7e-m+fp/hard\libc_nano.a(libc_a-memset.o)
                              D:/STM32CubeIDE/STM32CubeIDE_1.14.1/STM32CubeIDE/plugins/com.st.stm32cube.ide.mcu.externaltools.gnu-tools-for-stm32.11.3.rel1.win32_1.1.100.202309141235/tools/bin/../lib/gcc/arm-none-eabi/11.3.1/../../../../arm-none-eabi/lib/thumb/v7e-m+fp/hard/crt0.o (memset)
D:/STM32CubeIDE/STM32CubeIDE_1.14.1/STM32CubeIDE/plugins/com.st.stm32cube.ide.mcu.externaltools.gnu-tools-for-stm32.11.3.rel1.win32_1.1.100.202309141235/tools/bin/../lib/gcc/arm-none-eabi/11.3.1/../../../../arm-none-eabi/lib/thumb/v7e-m+fp/hard\libc_nano.a(libc_a-closer.o)
                              D:/STM32CubeIDE/STM32CubeIDE_1.14.1/STM32CubeIDE/plugins/com.st.stm32cube.ide.mcu.externaltools.gnu-tools-for-stm32.11.3.rel1.win32_1.1.100.202309141235/tools/bin/../lib/gcc/arm-none-eabi/11.3.1/../../../../arm-none-eabi/lib/thumb/v7e-m+fp/hard\libc_nano.a(libc_a-stdio.o) (_close_r)
D:/STM32CubeIDE/STM32CubeIDE_1.14.1/STM32CubeIDE/plugins/com.st.stm32cube.ide.mcu.externaltools.gnu-tools-for-stm32.11.3.rel1.win32_1.1.100.202309141235/tools/bin/../lib/gcc/arm-none-eabi/11.3.1/../../../../arm-none-eabi/lib/thumb/v7e-m+fp/hard\libc_nano.a(libc_a-reent.o)
                              D:/STM32CubeIDE/STM32CubeIDE_1.14.1/STM32CubeIDE/plugins/com.st.stm32cube.ide.mcu.externaltools.gnu-tools-for-stm32.11.3.rel1.win32_1.1.100.202309141235/tools/bin/../lib/gcc/arm-none-eabi/11.3.1/../../../../arm-none-eabi/lib/thumb/v7e-m+fp/hard\libc_nano.a(libc_a-closer.o) (errno)
D:/STM32CubeIDE/STM32CubeIDE_1.14.1/STM32CubeIDE/plugins/com.st.stm32cube.ide.mcu.externaltools.gnu-tools-for-stm32.11.3.rel1.win32_1.1.100.202309141235/tools/bin/../lib/gcc/arm-none-eabi/11.3.1/../../../../arm-none-eabi/lib/thumb/v7e-m+fp/hard\libc_nano.a(libc_a-impure.o)
[...]
Memory Configuration

Name             Origin             Length             Attributes
CCMRAM           0x0000000010000000 0x0000000000010000 xrw
RAM              0x0000000020000000 0x0000000000030000 xrw
FLASH            0x0000000008000000 0x0000000000200000 xr
*default*        0x0000000000000000 0xffffffffffffffff

Linker script and memory map

LOAD D:/STM32CubeIDE/STM32CubeIDE_1.14.1/STM32CubeIDE/plugins/com.st.stm32cube.ide.mcu.externaltools.gnu-tools-for-stm32.11.3.rel1.win32_1.1.100.202309141235/tools/bin/../lib/gcc/arm-none-eabi/11.3.1/thumb/v7e-m+fp/hard/crti.o
LOAD D:/STM32CubeIDE/STM32CubeIDE_1.14.1/STM32CubeIDE/plugins/com.st.stm32cube.ide.mcu.externaltools.gnu-tools-for-stm32.11.3.rel1.win32_1.1.100.202309141235/tools/bin/../lib/gcc/arm-none-eabi/11.3.1/thumb/v7e-m+fp/hard/crtbegin.o
LOAD D:/STM32CubeIDE/STM32CubeIDE_1.14.1/STM32CubeIDE/plugins/com.st.stm32cube.ide.mcu.externaltools.gnu-tools-for-stm32.11.3.rel1.win32_1.1.100.202309141235/tools/bin/../lib/gcc/arm-none-eabi/11.3.1/../../../../arm-none-eabi/lib/thumb/v7e-m+fp/hard/crt0.o
LOAD ./Core/Src/lcd16x2.o
LOAD ./Core/Src/main.o
LOAD ./Core/Src/stm32f4xx_hal_msp.o
LOAD ./Core/Src/stm32f4xx_it.o
LOAD ./Core/Src/syscalls.o
LOAD ./Core/Src/sysmem.o
LOAD ./Core/Src/system_stm32f4xx.o
LOAD ./Core/Startup/startup_stm32f439zitx.o
LOAD ./Drivers/STM32F4xx_HAL_Driver/Src/stm32f4xx_hal.o
LOAD ./Drivers/STM32F4xx_HAL_Driver/Src/stm32f4xx_hal_cortex.o
LOAD ./Drivers/STM32F4xx_HAL_Driver/Src/stm32f4xx_hal_dma.o
LOAD ./Drivers/STM32F4xx_HAL_Driver/Src/stm32f4xx_hal_dma_ex.o
LOAD ./Drivers/STM32F4xx_HAL_Driver/Src/stm32f4xx_hal_eth.o
LOAD ./Drivers/STM32F4xx_HAL_Driver/Src/stm32f4xx_hal_exti.o
LOAD ./Drivers/STM32F4xx_HAL_Driver/Src/stm32f4xx_hal_flash.o
LOAD ./Drivers/STM32F4xx_HAL_Driver/Src/stm32f4xx_hal_flash_ex.o
LOAD ./Drivers/STM32F4xx_HAL_Driver/Src/stm32f4xx_hal_flash_ramfunc.o
LOAD ./Drivers/STM32F4xx_HAL_Driver/Src/stm32f4xx_hal_gpio.o
LOAD ./Drivers/STM32F4xx_HAL_Driver/Src/stm32f4xx_hal_pcd.o
LOAD ./Drivers/STM32F4xx_HAL_Driver/Src/stm32f4xx_hal_pcd_ex.o
LOAD ./Drivers/STM32F4xx_HAL_Driver/Src/stm32f4xx_hal_pwr.o
LOAD ./Drivers/STM32F4xx_HAL_Driver/Src/stm32f4xx_hal_pwr_ex.o
LOAD ./Drivers/STM32F4xx_HAL_Driver/Src/stm32f4xx_hal_rcc.o
LOAD ./Drivers/STM32F4xx_HAL_Driver/Src/stm32f4xx_hal_rcc_ex.o
LOAD ./Drivers/STM32F4xx_HAL_Driver/Src/stm32f4xx_hal_tim.o
LOAD ./Drivers/STM32F4xx_HAL_Driver/Src/stm32f4xx_hal_tim_ex.o
LOAD ./Drivers/STM32F4xx_HAL_Driver/Src/stm32f4xx_hal_uart.o
LOAD ./Drivers/STM32F4xx_HAL_Driver/Src/stm32f4xx_ll_usb.o
START GROUP
LOAD D:/STM32CubeIDE/STM32CubeIDE_1.14.1/STM32CubeIDE/plugins/com.st.stm32cube.ide.mcu.externaltools.gnu-tools-for-stm32.11.3.rel1.win32_1.1.100.202309141235/tools/bin/../lib/gcc/arm-none-eabi/11.3.1/../../../../arm-none-eabi/lib/thumb/v7e-m+fp/hard\libc_nano.a
LOAD D:/STM32CubeIDE/STM32CubeIDE_1.14.1/STM32CubeIDE/plugins/com.st.stm32cube.ide.mcu.externaltools.gnu-tools-for-stm32.11.3.rel1.win32_1.1.100.202309141235/tools/bin/../lib/gcc/arm-none-eabi/11.3.1/../../../../arm-none-eabi/lib/thumb/v7e-m+fp/hard\libm.a
END GROUP
START GROUP
LOAD D:/STM32CubeIDE/STM32CubeIDE_1.14.1/STM32CubeIDE/plugins/com.st.stm32cube.ide.mcu.externaltools.gnu-tools-for-stm32.11.3.rel1.win32_1.1.100.202309141235/tools/bin/../lib/gcc/arm-none-eabi/11.3.1/thumb/v7e-m+fp/hard\libgcc.a
LOAD D:/STM32CubeIDE/STM32CubeIDE_1.14.1/STM32CubeIDE/plugins/com.st.stm32cube.ide.mcu.externaltools.gnu-tools-for-stm32.11.3.rel1.win32_1.1.100.202309141235/tools/bin/../lib/gcc/arm-none-eabi/11.3.1/../../../../arm-none-eabi/lib/thumb/v7e-m+fp/hard\libc_nano.a
END GROUP
START GROUP
LOAD D:/STM32CubeIDE/STM32CubeIDE_1.14.1/STM32CubeIDE/plugins/com.st.stm32cube.ide.mcu.externaltools.gnu-tools-for-stm32.11.3.rel1.win32_1.1.100.202309141235/tools/bin/../lib/gcc/arm-none-eabi/11.3.1/thumb/v7e-m+fp/hard\libgcc.a
LOAD D:/STM32CubeIDE/STM32CubeIDE_1.14.1/STM32CubeIDE/plugins/com.st.stm32cube.ide.mcu.externaltools.gnu-tools-for-stm32.11.3.rel1.win32_1.1.100.202309141235/tools/bin/../lib/gcc/arm-none-eabi/11.3.1/../../../../arm-none-eabi/lib/thumb/v7e-m+fp/hard\libc_nano.a
LOAD D:/STM32CubeIDE/STM32CubeIDE_1.14.1/STM32CubeIDE/plugins/com.st.stm32cube.ide.mcu.externaltools.gnu-tools-for-stm32.11.3.rel1.win32_1.1.100.202309141235/tools/bin/../lib/gcc/arm-none-eabi/11.3.1/../../../../arm-none-eabi/lib/thumb/v7e-m+fp/hard\libnosys.a
END GROUP
START GROUP
LOAD D:/STM32CubeIDE/STM32CubeIDE_1.14.1/STM32CubeIDE/plugins/com.st.stm32cube.ide.mcu.externaltools.gnu-tools-for-stm32.11.3.rel1.win32_1.1.100.202309141235/tools/bin/../lib/gcc/arm-none-eabi/11.3.1/thumb/v7e-m+fp/hard\libgcc.a
LOAD D:/STM32CubeIDE/STM32CubeIDE_1.14.1/STM32CubeIDE/plugins/com.st.stm32cube.ide.mcu.externaltools.gnu-tools-for-stm32.11.3.rel1.win32_1.1.100.202309141235/tools/bin/../lib/gcc/arm-none-eabi/11.3.1/../../../../arm-none-eabi/lib/thumb/v7e-m+fp/hard\libc_nano.a
LOAD D:/STM32CubeIDE/STM32CubeIDE_1.14.1/STM32CubeIDE/plugins/com.st.stm32cube.ide.mcu.externaltools.gnu-tools-for-stm32.11.3.rel1.win32_1.1.100.202309141235/tools/bin/../lib/gcc/arm-none-eabi/11.3.1/../../../../arm-none-eabi/lib/thumb/v7e-m+fp/hard\libnosys.a
END GROUP
LOAD D:/STM32CubeIDE/STM32CubeIDE_1.14.1/STM32CubeIDE/plugins/com.st.stm32cube.ide.mcu.externaltools.gnu-tools-for-stm32.11.3.rel1.win32_1.1.100.202309141235/tools/bin/../lib/gcc/arm-none-eabi/11.3.1/thumb/v7e-m+fp/hard/crtend.o
LOAD D:/STM32CubeIDE/STM32CubeIDE_1.14.1/STM32CubeIDE/plugins/com.st.stm32cube.ide.mcu.externaltools.gnu-tools-for-stm32.11.3.rel1.win32_1.1.100.202309141235/tools/bin/../lib/gcc/arm-none-eabi/11.3.1/thumb/v7e-m+fp/hard/crtn.o
                0x0000000020030000                _estack = (ORIGIN (RAM) + LENGTH (RAM))
                0x0000000000000200                _Min_Heap_Size = 0x200
                0x0000000000000400                _Min_Stack_Size = 0x400

.isr_vector     0x0000000008000000      0x1ac
                0x0000000008000000                . = ALIGN (0x4)
 *(.isr_vector)
 .isr_vector    0x0000000008000000      0x1ac ./Core/Startup/startup_stm32f439zitx.o
                0x0000000008000000                g_pfnVectors
                0x00000000080001ac                . = ALIGN (0x4)

.text           0x00000000080001b0     0x4284
                0x00000000080001b0                . = ALIGN (0x4)
 *(.text)
 .text          0x00000000080001b0       0x40 D:/STM32CubeIDE/STM32CubeIDE_1.14.1/STM32CubeIDE/plugins/com.st.stm32cube.ide.mcu.externaltools.gnu-tools-for-stm32.11.3.rel1.win32_1.1.100.202309141235/tools/bin/../lib/gcc/arm-none-eabi/11.3.1/thumb/v7e-m+fp/hard/crtbegin.o
 .text          0x00000000080001f0       0x10 D:/STM32CubeIDE/STM32CubeIDE_1.14.1/STM32CubeIDE/plugins/com.st.stm32cube.ide.mcu.externaltools.gnu-tools-for-stm32.11.3.rel1.win32_1.1.100.202309141235/tools/bin/../lib/gcc/arm-none-eabi/11.3.1/../../../../arm-none-eabi/lib/thumb/v7e-m+fp/hard\libc_nano.a(libc_a-strlen.o)
                0x00000000080001f0                strlen
 .text          0x0000000008000200       0xa0 D:/STM32CubeIDE/STM32CubeIDE_1.14.1/STM32CubeIDE/plugins/com.st.stm32cube.ide.mcu.externaltools.gnu-tools-for-stm32.11.3.rel1.win32_1.1.100.202309141235/tools/bin/../lib/gcc/arm-none-eabi/11.3.1/../../../../arm-none-eabi/lib/thumb/v7e-m+fp/hard\libc_nano.a(libc_a-memchr.o)
                0x0000000008000200                memchr
 .text          0x00000000080002a0       0x30 D:/STM32CubeIDE/STM32CubeIDE_1.14.1/STM32CubeIDE/plugins/com.st.stm32cube.ide.mcu.externaltools.gnu-tools-for-stm32.11.3.rel1.win32_1.1.100.202309141235/tools/bin/../lib/gcc/arm-none-eabi/11.3.1/thumb/v7e-m+fp/hard\libgcc.a(_aeabi_uldivmod.o)
                0x00000000080002a0                __aeabi_uldivmod
 .text          0x00000000080002d0      0x2c8 D:/STM32CubeIDE/STM32CubeIDE_1.14.1/STM32CubeIDE/plugins/com.st.stm32cube.ide.mcu.externaltools.gnu-tools-for-stm32.11.3.rel1.win32_1.1.100.202309141235/tools/bin/../lib/gcc/arm-none-eabi/11.3.1/thumb/v7e-m+fp/hard\libgcc.a(_udivmoddi4.o)
                0x00000000080002d0                __udivmoddi4
 .text          0x0000000008000598        0x4 D:/STM32CubeIDE/STM32CubeIDE_1.14.1/STM32CubeIDE/plugins/com.st.stm32cube.ide.mcu.externaltools.gnu-tools-for-stm32.11.3.rel1.win32_1.1.100.202309141235/tools/bin/../lib/gcc/arm-none-eabi/11.3.1/thumb/v7e-m+fp/hard\libgcc.a(_dvmd_tls.o)
                0x0000000008000598                __aeabi_idiv0
                0x0000000008000598                __aeabi_ldiv0
 *(.text*)
 .text.DWT_Delay_Init
                0x000000000800059c       0x60 ./Core/Src/lcd16x2.o
 .text.DWT_Delay_us
                0x00000000080005fc       0x48 ./Core/Src/lcd16x2.o
 .text.lcd16x2_enablePulse
                0x0000000008000644       0x3c ./Core/Src/lcd16x2.o
 .text.lcd16x2_rs
                0x0000000008000680       0x2c ./Core/Src/lcd16x2.o
 .text.lcd16x2_write
                0x00000000080006ac      0x1c4 ./Core/Src/lcd16x2.o
 .text.lcd16x2_writeCommand
                0x0000000008000870       0x20 ./Core/Src/lcd16x2.o
 .text.lcd16x2_writeData
                0x0000000008000890       0x20 ./Core/Src/lcd16x2.o
 .text.lcd16x2_write4
                0x00000000080008b0       0x90 ./Core/Src/lcd16x2.o
 .text.lcd16x2_init_4bits
                0x0000000008000940       0xd0 ./Core/Src/lcd16x2.o
                0x0000000008000940                lcd16x2_init_4bits
 .text.lcd16x2_setCursor
                0x0000000008000a10       0x48 ./Core/Src/lcd16x2.o
                0x0000000008000a10                lcd16x2_setCursor
 .text.lcd16x2_clear
                0x0000000008000a58       0x14 ./Core/Src/lcd16x2.o
                0x0000000008000a58                lcd16x2_clear
 .text.lcd16x2_printf
                0x0000000008000a6c       0x5e ./Core/Src/lcd16x2.o
                0x0000000008000a6c                lcd16x2_printf
 *fill*         0x0000000008000aca        0x2 
 .text.HAL_GPIO_EXTI_Callback
                0x0000000008000acc      0x1f0 ./Core/Src/main.o
                0x0000000008000acc                HAL_GPIO_EXTI_Callback
 .text.main     0x0000000008000cbc       0xf0 ./Core/Src/main.o
                0x0000000008000cbc                main
 .text.SystemClock_Config
                0x0000000008000dac       0xd4 ./Core/Src/main.o
                0x0000000008000dac                SystemClock_Config
 .text.MX_ETH_Init
                0x0000000008000e80       0x9c ./Core/Src/main.o
 .text.MX_USART3_UART_Init
                0x0000000008000f1c       0x54 ./Core/Src/main.o
 .text.MX_USB_OTG_FS_PCD_Init
                0x0000000008000f70       0x5c ./Core/Src/main.o
 .text.MX_GPIO_Init
                0x0000000008000fcc      0x220 ./Core/Src/main.o
 .text.Error_Handler
                0x00000000080011ec        0xa ./Core/Src/main.o
                0x00000000080011ec                Error_Handler
 *fill*         0x00000000080011f6        0x2 
 .text.HAL_MspInit
                0x00000000080011f8       0x50 ./Core/Src/stm32f4xx_hal_msp.o
                0x00000000080011f8                HAL_MspInit
 .text.HAL_ETH_MspInit
                0x0000000008001248      0x18c ./Core/Src/stm32f4xx_hal_msp.o
                0x0000000008001248                HAL_ETH_MspInit
 .text.HAL_UART_MspInit
                0x00000000080013d4       0x90 ./Core/Src/stm32f4xx_hal_msp.o
                0x00000000080013d4                HAL_UART_MspInit
 .text.HAL_PCD_MspInit
                0x0000000008001464       0xb4 ./Core/Src/stm32f4xx_hal_msp.o
                0x0000000008001464                HAL_PCD_MspInit
 .text.NMI_Handler
                0x0000000008001518        0x6 ./Core/Src/stm32f4xx_it.o
                0x0000000008001518                NMI_Handler
 .text.HardFault_Handler
                0x000000000800151e        0x6 ./Core/Src/stm32f4xx_it.o
                0x000000000800151e                HardFault_Handler
 .text.MemManage_Handler
                0x0000000008001524        0x6 ./Core/Src/stm32f4xx_it.o
                0x0000000008001524                MemManage_Handler
 .text.BusFault_Handler
                0x000000000800152a        0x6 ./Core/Src/stm32f4xx_it.o
                0x000000000800152a                BusFault_Handler
 .text.UsageFault_Handler
                0x0000000008001530        0x6 ./Core/Src/stm32f4xx_it.o
                0x0000000008001530                UsageFault_Handler
 .text.SVC_Handler
                0x0000000008001536        0xe ./Core/Src/stm32f4xx_it.o
                0x0000000008001536                SVC_Handler
 .text.DebugMon_Handler
                0x0000000008001544        0xe ./Core/Src/stm32f4xx_it.o
                0x0000000008001544                DebugMon_Handler
 .text.PendSV_Handler
                0x0000000008001552        0xe ./Core/Src/stm32f4xx_it.o
                0x0000000008001552                PendSV_Handler
 .text.SysTick_Handler
                0x0000000008001560        0xc ./Core/Src/stm32f4xx_it.o
                0x0000000008001560                SysTick_Handler
 .text.EXTI3_IRQHandler
                0x000000000800156c        0xe ./Core/Src/stm32f4xx_it.o
                0x000000000800156c                EXTI3_IRQHandler
 .text.EXTI15_10_IRQHandler
                0x000000000800157a       0x10 ./Core/Src/stm32f4xx_it.o
                0x000000000800157a                EXTI15_10_IRQHandler
 *fill*         0x000000000800158a        0x2 
 .text._sbrk    0x000000000800158c       0x6c ./Core/Src/sysmem.o
                0x000000000800158c                _sbrk
 .text.SystemInit
                0x00000000080015f8       0x24 ./Core/Src/system_stm32f4xx.o
                0x00000000080015f8                SystemInit
 .text.Reset_Handler
                0x000000000800161c       0x50 ./Core/Startup/startup_stm32f439zitx.o
                0x000000000800161c                Reset_Handler
 .text.Default_Handler
                0x000000000800166c        0x2 ./Core/Startup/startup_stm32f439zitx.o
                0x000000000800166c                RTC_Alarm_IRQHandler
                0x000000000800166c                HASH_RNG_IRQHandler
                0x000000000800166c                EXTI2_IRQHandler
                0x000000000800166c                TIM8_CC_IRQHandler
                0x000000000800166c                UART8_IRQHandler
                0x000000000800166c                SPI4_IRQHandler
                0x000000000800166c                TIM1_CC_IRQHandler
                0x000000000800166c                DMA2_Stream5_IRQHandler
                0x000000000800166c                DMA1_Stream5_IRQHandler
                0x000000000800166c                PVD_IRQHandler
                0x000000000800166c                SDIO_IRQHandler
                0x000000000800166c                TAMP_STAMP_IRQHandler
                0x000000000800166c                CAN2_RX1_IRQHandler
                0x000000000800166c                TIM8_TRG_COM_TIM14_IRQHandler
                0x000000000800166c                TIM1_UP_TIM10_IRQHandler
                0x000000000800166c                TIM8_UP_TIM13_IRQHandler
                0x000000000800166c                I2C3_ER_IRQHandler
                0x000000000800166c                EXTI0_IRQHandler
                0x000000000800166c                I2C2_EV_IRQHandler
                0x000000000800166c                DMA1_Stream2_IRQHandler
                0x000000000800166c                CAN1_RX0_IRQHandler
                0x000000000800166c                FPU_IRQHandler
                0x000000000800166c                OTG_HS_WKUP_IRQHandler
                0x000000000800166c                LTDC_ER_IRQHandler
                0x000000000800166c                CAN2_SCE_IRQHandler
                0x000000000800166c                DMA2_Stream2_IRQHandler
                0x000000000800166c                SPI1_IRQHandler
                0x000000000800166c                TIM6_DAC_IRQHandler
                0x000000000800166c                TIM1_BRK_TIM9_IRQHandler
                0x000000000800166c                DCMI_IRQHandler
                0x000000000800166c                CAN2_RX0_IRQHandler
                0x000000000800166c                DMA2_Stream3_IRQHandler
                0x000000000800166c                USART6_IRQHandler
                0x000000000800166c                USART3_IRQHandler
                0x000000000800166c                CRYP_IRQHandler
                0x000000000800166c                CAN1_RX1_IRQHandler
                0x000000000800166c                UART5_IRQHandler
                0x000000000800166c                DMA2_Stream0_IRQHandler
                0x000000000800166c                TIM4_IRQHandler
                0x000000000800166c                I2C1_EV_IRQHandler
                0x000000000800166c                DMA1_Stream6_IRQHandler
                0x000000000800166c                DMA1_Stream1_IRQHandler
                0x000000000800166c                UART4_IRQHandler
                0x000000000800166c                TIM3_IRQHandler
                0x000000000800166c                RCC_IRQHandler
                0x000000000800166c                TIM8_BRK_TIM12_IRQHandler
                0x000000000800166c                Default_Handler
                0x000000000800166c                ADC_IRQHandler
                0x000000000800166c                DMA1_Stream7_IRQHandler
                0x000000000800166c                SPI5_IRQHandler
                0x000000000800166c                TIM7_IRQHandler
                0x000000000800166c                CAN2_TX_IRQHandler
                0x000000000800166c                TIM5_IRQHandler
                0x000000000800166c                DMA2_Stream7_IRQHandler
                0x000000000800166c                I2C3_EV_IRQHandler
                0x000000000800166c                EXTI9_5_IRQHandler
                0x000000000800166c                RTC_WKUP_IRQHandler
                0x000000000800166c                LTDC_IRQHandler
                0x000000000800166c                ETH_WKUP_IRQHandler
                0x000000000800166c                SPI2_IRQHandler
                0x000000000800166c                OTG_HS_EP1_IN_IRQHandler
                0x000000000800166c                DMA1_Stream0_IRQHandler
                0x000000000800166c                CAN1_TX_IRQHandler
                0x000000000800166c                EXTI4_IRQHandler
                0x000000000800166c                ETH_IRQHandler
                0x000000000800166c                OTG_HS_EP1_OUT_IRQHandler
                0x000000000800166c                WWDG_IRQHandler
                0x000000000800166c                SPI6_IRQHandler
                0x000000000800166c                TIM2_IRQHandler
                0x000000000800166c                OTG_FS_WKUP_IRQHandler
                0x000000000800166c                TIM1_TRG_COM_TIM11_IRQHandler
                0x000000000800166c                OTG_HS_IRQHandler
                0x000000000800166c                DMA2D_IRQHandler
                0x000000000800166c                EXTI1_IRQHandler
                0x000000000800166c                UART7_IRQHandler
                0x000000000800166c                USART2_IRQHandler
                0x000000000800166c                I2C2_ER_IRQHandler
                0x000000000800166c                DMA2_Stream1_IRQHandler
                0x000000000800166c                CAN1_SCE_IRQHandler
                0x000000000800166c                FLASH_IRQHandler
                0x000000000800166c                DMA2_Stream4_IRQHandler
                0x000000000800166c                USART1_IRQHandler
                0x000000000800166c                OTG_FS_IRQHandler
                0x000000000800166c                SPI3_IRQHandler
                0x000000000800166c                DMA1_Stream4_IRQHandler
                0x000000000800166c                I2C1_ER_IRQHandler
                0x000000000800166c                FMC_IRQHandler
                0x000000000800166c                DMA2_Stream6_IRQHandler
                0x000000000800166c                SAI1_IRQHandler
                0x000000000800166c                DMA1_Stream3_IRQHandler
 *fill*         0x000000000800166e        0x2 
 .text.HAL_Init
                0x0000000008001670       0x44 ./Drivers/STM32F4xx_HAL_Driver/Src/stm32f4xx_hal.o
                0x0000000008001670                HAL_Init
 .text.HAL_InitTick
                0x00000000080016b4       0x60 ./Drivers/STM32F4xx_HAL_Driver/Src/stm32f4xx_hal.o
                0x00000000080016b4                HAL_InitTick
 .text.HAL_IncTick
                0x0000000008001714       0x28 ./Drivers/STM32F4xx_HAL_Driver/Src/stm32f4xx_hal.o
                0x0000000008001714                HAL_IncTick
 .text.HAL_GetTick
                0x000000000800173c       0x18 ./Drivers/STM32F4xx_HAL_Driver/Src/stm32f4xx_hal.o
                0x000000000800173c                HAL_GetTick
 .text.HAL_Delay
                0x0000000008001754       0x48 ./Drivers/STM32F4xx_HAL_Driver/Src/stm32f4xx_hal.o
                0x0000000008001754                HAL_Delay
 .text.__NVIC_SetPriorityGrouping
                0x000000000800179c       0x48 ./Drivers/STM32F4xx_HAL_Driver/Src/stm32f4xx_hal_cortex.o
 .text.__NVIC_GetPriorityGrouping
                0x00000000080017e4       0x1c ./Drivers/STM32F4xx_HAL_Driver/Src/stm32f4xx_hal_cortex.o
 .text.__NVIC_EnableIRQ
                0x0000000008001800       0x3c ./Drivers/STM32F4xx_HAL_Driver/Src/stm32f4xx_hal_cortex.o
 .text.__NVIC_SetPriority
                0x000000000800183c       0x54 ./Drivers/STM32F4xx_HAL_Driver/Src/stm32f4xx_hal_cortex.o
 .text.NVIC_EncodePriority
                0x0000000008001890       0x66 ./Drivers/STM32F4xx_HAL_Driver/Src/stm32f4xx_hal_cortex.o
 *fill*         0x00000000080018f6        0x2 
 .text.SysTick_Config
                0x00000000080018f8       0x44 ./Drivers/STM32F4xx_HAL_Driver/Src/stm32f4xx_hal_cortex.o
 .text.HAL_NVIC_SetPriorityGrouping
                0x000000000800193c       0x16 ./Drivers/STM32F4xx_HAL_Driver/Src/stm32f4xx_hal_cortex.o
                0x000000000800193c                HAL_NVIC_SetPriorityGrouping
 .text.HAL_NVIC_SetPriority
                0x0000000008001952       0x38 ./Drivers/STM32F4xx_HAL_Driver/Src/stm32f4xx_hal_cortex.o
                0x0000000008001952                HAL_NVIC_SetPriority
 .text.HAL_NVIC_EnableIRQ
                0x000000000800198a       0x1c ./Drivers/STM32F4xx_HAL_Driver/Src/stm32f4xx_hal_cortex.o
                0x000000000800198a                HAL_NVIC_EnableIRQ
 .text.HAL_SYSTICK_Config
                0x00000000080019a6       0x18 ./Drivers/STM32F4xx_HAL_Driver/Src/stm32f4xx_hal_cortex.o
                0x00000000080019a6                HAL_SYSTICK_Config
 *fill*         0x00000000080019be        0x2 
 .text.HAL_ETH_Init
                0x00000000080019c0       0xfc ./Drivers/STM32F4xx_HAL_Driver/Src/stm32f4xx_hal_eth.o
                0x00000000080019c0                HAL_ETH_Init
 .text.ETH_SetMACConfig
                0x0000000008001abc      0x160 ./Drivers/STM32F4xx_HAL_Driver/Src/stm32f4xx_hal_eth.o
 .text.ETH_SetDMAConfig
                0x0000000008001c1c      0x114 ./Drivers/STM32F4xx_HAL_Driver/Src/stm32f4xx_hal_eth.o
 .text.ETH_MACDMAConfig
                0x0000000008001d30       0xe4 ./Drivers/STM32F4xx_HAL_Driver/Src/stm32f4xx_hal_eth.o
 .text.ETH_MACAddressConfig
                0x0000000008001e14       0x70 ./Drivers/STM32F4xx_HAL_Driver/Src/stm32f4xx_hal_eth.o
 .text.ETH_DMATxDescListInit
                0x0000000008001e84       0xb2 ./Drivers/STM32F4xx_HAL_Driver/Src/stm32f4xx_hal_eth.o
 .text.ETH_DMARxDescListInit
                0x0000000008001f36       0xda ./Drivers/STM32F4xx_HAL_Driver/Src/stm32f4xx_hal_eth.o
 .text.HAL_GPIO_Init
                0x0000000008002010      0x358 ./Drivers/STM32F4xx_HAL_Driver/Src/stm32f4xx_hal_gpio.o
                0x0000000008002010                HAL_GPIO_Init
 .text.HAL_GPIO_ReadPin
                0x0000000008002368       0x30 ./Drivers/STM32F4xx_HAL_Driver/Src/stm32f4xx_hal_gpio.o
                0x0000000008002368                HAL_GPIO_ReadPin
 .text.HAL_GPIO_WritePin
                0x0000000008002398       0x32 ./Drivers/STM32F4xx_HAL_Driver/Src/stm32f4xx_hal_gpio.o
                0x0000000008002398                HAL_GPIO_WritePin
 *fill*         0x00000000080023ca        0x2 
 .text.HAL_GPIO_EXTI_IRQHandler
                0x00000000080023cc       0x30 ./Drivers/STM32F4xx_HAL_Driver/Src/stm32f4xx_hal_gpio.o
                0x00000000080023cc                HAL_GPIO_EXTI_IRQHandler
 .text.HAL_PCD_Init
                0x00000000080023fc      0x21e ./Drivers/STM32F4xx_HAL_Driver/Src/stm32f4xx_hal_pcd.o
                0x00000000080023fc                HAL_PCD_Init
 *fill*         0x000000000800261a        0x2 
 .text.HAL_RCC_OscConfig
                0x000000000800261c      0x4f0 ./Drivers/STM32F4xx_HAL_Driver/Src/stm32f4xx_hal_rcc.o
                0x000000000800261c                HAL_RCC_OscConfig
 .text.HAL_RCC_ClockConfig
                0x0000000008002b0c      0x1cc ./Drivers/STM32F4xx_HAL_Driver/Src/stm32f4xx_hal_rcc.o
                0x0000000008002b0c                HAL_RCC_ClockConfig
 .text.HAL_RCC_GetSysClockFreq
                0x0000000008002cd8      0x20c ./Drivers/STM32F4xx_HAL_Driver/Src/stm32f4xx_hal_rcc.o
                0x0000000008002cd8                HAL_RCC_GetSysClockFreq
 .text.HAL_RCC_GetHCLKFreq
                0x0000000008002ee4       0x18 ./Drivers/STM32F4xx_HAL_Driver/Src/stm32f4xx_hal_rcc.o
                0x0000000008002ee4                HAL_RCC_GetHCLKFreq
 .text.HAL_RCC_GetPCLK1Freq
                0x0000000008002efc       0x28 ./Drivers/STM32F4xx_HAL_Driver/Src/stm32f4xx_hal_rcc.o
                0x0000000008002efc                HAL_RCC_GetPCLK1Freq
 .text.HAL_RCC_GetPCLK2Freq
                0x0000000008002f24       0x28 ./Drivers/STM32F4xx_HAL_Driver/Src/stm32f4xx_hal_rcc.o
                0x0000000008002f24                HAL_RCC_GetPCLK2Freq
 .text.HAL_UART_Init
                0x0000000008002f4c       0xa0 ./Drivers/STM32F4xx_HAL_Driver/Src/stm32f4xx_hal_uart.o
                0x0000000008002f4c                HAL_UART_Init
 .text.UART_SetConfig
                0x0000000008002fec      0x4e8 ./Drivers/STM32F4xx_HAL_Driver/Src/stm32f4xx_hal_uart.o
 .text.USB_CoreInit
                0x00000000080034d4       0xc8 ./Drivers/STM32F4xx_HAL_Driver/Src/stm32f4xx_ll_usb.o
                0x00000000080034d4                USB_CoreInit
 .text.USB_DisableGlobalInt
                0x000000000800359c       0x22 ./Drivers/STM32F4xx_HAL_Driver/Src/stm32f4xx_ll_usb.o
                0x000000000800359c                USB_DisableGlobalInt
 .text.USB_SetCurrentMode
                0x00000000080035be       0x98 ./Drivers/STM32F4xx_HAL_Driver/Src/stm32f4xx_ll_usb.o
                0x00000000080035be                USB_SetCurrentMode
 *fill*         0x0000000008003656        0x2 
 .text.USB_DevInit
                0x0000000008003658      0x2c8 ./Drivers/STM32F4xx_HAL_Driver/Src/stm32f4xx_ll_usb.o
                0x0000000008003658                USB_DevInit
 .text.USB_FlushTxFifo
                0x0000000008003920       0x64 ./Drivers/STM32F4xx_HAL_Driver/Src/stm32f4xx_ll_usb.o
                0x0000000008003920                USB_FlushTxFifo
 .text.USB_FlushRxFifo
                0x0000000008003984       0x5c ./Drivers/STM32F4xx_HAL_Driver/Src/stm32f4xx_ll_usb.o
                0x0000000008003984                USB_FlushRxFifo
 .text.USB_SetDevSpeed
                0x00000000080039e0       0x32 ./Drivers/STM32F4xx_HAL_Driver/Src/stm32f4xx_ll_usb.o
                0x00000000080039e0                USB_SetDevSpeed
 .text.USB_DevDisconnect
                0x0000000008003a12       0x42 ./Drivers/STM32F4xx_HAL_Driver/Src/stm32f4xx_ll_usb.o
                0x0000000008003a12                USB_DevDisconnect
 .text.USB_GetMode
                0x0000000008003a54       0x1c ./Drivers/STM32F4xx_HAL_Driver/Src/stm32f4xx_ll_usb.o
                0x0000000008003a54                USB_GetMode
 .text.USB_CoreReset
                0x0000000008003a70       0x62 ./Drivers/STM32F4xx_HAL_Driver/Src/stm32f4xx_ll_usb.o
 *fill*         0x0000000008003ad2        0x2 
 .text._vsprintf_r
                0x0000000008003ad4       0x2c D:/STM32CubeIDE/STM32CubeIDE_1.14.1/STM32CubeIDE/plugins/com.st.stm32cube.ide.mcu.externaltools.gnu-tools-for-stm32.11.3.rel1.win32_1.1.100.202309141235/tools/bin/../lib/gcc/arm-none-eabi/11.3.1/../../../../arm-none-eabi/lib/thumb/v7e-m+fp/hard\libc_nano.a(libc_a-vsprintf.o)
                0x0000000008003ad4                _vsprintf_r
                0x0000000008003ad4                _vsiprintf_r
 .text.vsprintf
                0x0000000008003b00       0x14 D:/STM32CubeIDE/STM32CubeIDE_1.14.1/STM32CubeIDE/plugins/com.st.stm32cube.ide.mcu.externaltools.gnu-tools-for-stm32.11.3.rel1.win32_1.1.100.202309141235/tools/bin/../lib/gcc/arm-none-eabi/11.3.1/../../../../arm-none-eabi/lib/thumb/v7e-m+fp/hard\libc_nano.a(libc_a-vsprintf.o)
                0x0000000008003b00                vsiprintf
                0x0000000008003b00                vsprintf
 .text.memset   0x0000000008003b14       0x10 D:/STM32CubeIDE/STM32CubeIDE_1.14.1/STM32CubeIDE/plugins/com.st.stm32cube.ide.mcu.externaltools.gnu-tools-for-stm32.11.3.rel1.win32_1.1.100.202309141235/tools/bin/../lib/gcc/arm-none-eabi/11.3.1/../../../../arm-none-eabi/lib/thumb/v7e-m+fp/hard\libc_nano.a(libc_a-memset.o)
                0x0000000008003b14                memset
 .text.__errno  0x0000000008003b24        0xc D:/STM32CubeIDE/STM32CubeIDE_1.14.1/STM32CubeIDE/plugins/com.st.stm32cube.ide.mcu.externaltools.gnu-tools-for-stm32.11.3.rel1.win32_1.1.100.202309141235/tools/bin/../lib/gcc/arm-none-eabi/11.3.1/../../../../arm-none-eabi/lib/thumb/v7e-m+fp/hard\libc_nano.a(libc_a-errno.o)
                0x0000000008003b24                __errno
 .text.__libc_init_array
                0x0000000008003b30       0x48 D:/STM32CubeIDE/STM32CubeIDE_1.14.1/STM32CubeIDE/plugins/com.st.stm32cube.ide.mcu.externaltools.gnu-tools-for-stm32.11.3.rel1.win32_1.1.100.202309141235/tools/bin/../lib/gcc/arm-none-eabi/11.3.1/../../../../arm-none-eabi/lib/thumb/v7e-m+fp/hard\libc_nano.a(libc_a-init.o)
                0x0000000008003b30                __libc_init_array
 .text.__retarget_lock_acquire_recursive
                0x0000000008003b78        0x2 D:/STM32CubeIDE/STM32CubeIDE_1.14.1/STM32CubeIDE/plugins/com.st.stm32cube.ide.mcu.externaltools.gnu-tools-for-stm32.11.3.rel1.win32_1.1.100.202309141235/tools/bin/../lib/gcc/arm-none-eabi/11.3.1/../../../../arm-none-eabi/lib/thumb/v7e-m+fp/hard\libc_nano.a(libc_a-lock.o)
                0x0000000008003b78                __retarget_lock_acquire_recursive
 .text.__retarget_lock_release_recursive
                0x0000000008003b7a        0x2 D:/STM32CubeIDE/STM32CubeIDE_1.14.1/STM32CubeIDE/plugins/com.st.stm32cube.ide.mcu.externaltools.gnu-tools-for-stm32.11.3.rel1.win32_1.1.100.202309141235/tools/bin/../lib/gcc/arm-none-eabi/11.3.1/../../../../arm-none-eabi/lib/thumb/v7e-m+fp/hard\libc_nano.a(libc_a-lock.o)
                0x0000000008003b7a                __retarget_lock_release_recursive
 .text._free_r  0x0000000008003b7c       0x98 D:/STM32CubeIDE/STM32CubeIDE_1.14.1/STM32CubeIDE/plugins/com.st.stm32cube.ide.mcu.externaltools.gnu-tools-for-stm32.11.3.rel1.win32_1.1.100.202309141235/tools/bin/../lib/gcc/arm-none-eabi/11.3.1/../../../../arm-none-eabi/lib/thumb/v7e-m+fp/hard\libc_nano.a(libc_a-freer.o)
                0x0000000008003b7c                _free_r
 .text.sbrk_aligned
                0x0000000008003c14       0x40 D:/STM32CubeIDE/STM32CubeIDE_1.14.1/STM32CubeIDE/plugins/com.st.stm32cube.ide.mcu.externaltools.gnu-tools-for-stm32.11.3.rel1.win32_1.1.100.202309141235/tools/bin/../lib/gcc/arm-none-eabi/11.3.1/../../../../arm-none-eabi/lib/thumb/v7e-m+fp/hard\libc_nano.a(libc_a-mallocr.o)
 .text._malloc_r
                0x0000000008003c54      0x100 D:/STM32CubeIDE/STM32CubeIDE_1.14.1/STM32CubeIDE/plugins/com.st.stm32cube.ide.mcu.externaltools.gnu-tools-for-stm32.11.3.rel1.win32_1.1.100.202309141235/tools/bin/../lib/gcc/arm-none-eabi/11.3.1/../../../../arm-none-eabi/lib/thumb/v7e-m+fp/hard\libc_nano.a(libc_a-mallocr.o)
                0x0000000008003c54                _malloc_r
 .text.__malloc_lock
                0x0000000008003d54        0xc D:/STM32CubeIDE/STM32CubeIDE_1.14.1/STM32CubeIDE/plugins/com.st.stm32cube.ide.mcu.externaltools.gnu-tools-for-stm32.11.3.rel1.win32_1.1.100.202309141235/tools/bin/../lib/gcc/arm-none-eabi/11.3.1/../../../../arm-none-eabi/lib/thumb/v7e-m+fp/hard\libc_nano.a(libc_a-mlock.o)
                0x0000000008003d54                __malloc_lock
 .text.__malloc_unlock
                0x0000000008003d60        0xc D:/STM32CubeIDE/STM32CubeIDE_1.14.1/STM32CubeIDE/plugins/com.st.stm32cube.ide.mcu.externaltools.gnu-tools-for-stm32.11.3.rel1.win32_1.1.100.202309141235/tools/bin/../lib/gcc/arm-none-eabi/11.3.1/../../../../arm-none-eabi/lib/thumb/v7e-m+fp/hard\libc_nano.a(libc_a-mlock.o)
                0x0000000008003d60                __malloc_unlock
 .text.__ssputs_r
                0x0000000008003d6c       0xb4 D:/STM32CubeIDE/STM32CubeIDE_1.14.1/STM32CubeIDE/plugins/com.st.stm32cube.ide.mcu.externaltools.gnu-tools-for-stm32.11.3.rel1.win32_1.1.100.202309141235/tools/bin/../lib/gcc/arm-none-eabi/11.3.1/../../../../arm-none-eabi/lib/thumb/v7e-m+fp/hard\libc_nano.a(libc_a-nano-svfprintf.o)
                0x0000000008003d6c                __ssputs_r
 .text._svfprintf_r
                0x0000000008003e20      0x1fc D:/STM32CubeIDE/STM32CubeIDE_1.14.1/STM32CubeIDE/plugins/com.st.stm32cube.ide.mcu.externaltools.gnu-tools-for-stm32.11.3.rel1.win32_1.1.100.202309141235/tools/bin/../lib/gcc/arm-none-eabi/11.3.1/../../../../arm-none-eabi/lib/thumb/v7e-m+fp/hard\libc_nano.a(libc_a-nano-svfprintf.o)
                0x0000000008003e20                _svfiprintf_r
                0x0000000008003e20                _svfprintf_r
 .text._printf_common
                0x000000000800401c       0xda D:/STM32CubeIDE/STM32CubeIDE_1.14.1/STM32CubeIDE/plugins/com.st.stm32cube.ide.mcu.externaltools.gnu-tools-for-stm32.11.3.rel1.win32_1.1.100.202309141235/tools/bin/../lib/gcc/arm-none-eabi/11.3.1/../../../../arm-none-eabi/lib/thumb/v7e-m+fp/hard\libc_nano.a(libc_a-nano-vfprintf_i.o)
                0x000000000800401c                _printf_common
 *fill*         0x00000000080040f6        0x2 
 .text._printf_i
                0x00000000080040f8      0x244 D:/STM32CubeIDE/STM32CubeIDE_1.14.1/STM32CubeIDE/plugins/com.st.stm32cube.ide.mcu.externaltools.gnu-tools-for-stm32.11.3.rel1.win32_1.1.100.202309141235/tools/bin/../lib/gcc/arm-none-eabi/11.3.1/../../../../arm-none-eabi/lib/thumb/v7e-m+fp/hard\libc_nano.a(libc_a-nano-vfprintf_i.o)
                0x00000000080040f8                _printf_i
 .text.memmove  0x000000000800433c       0x34 D:/STM32CubeIDE/STM32CubeIDE_1.14.1/STM32CubeIDE/plugins/com.st.stm32cube.ide.mcu.externaltools.gnu-tools-for-stm32.11.3.rel1.win32_1.1.100.202309141235/tools/bin/../lib/gcc/arm-none-eabi/11.3.1/../../../../arm-none-eabi/lib/thumb/v7e-m+fp/hard\libc_nano.a(libc_a-memmove.o)
                0x000000000800433c                memmove
 .text._sbrk_r  0x0000000008004370       0x20 D:/STM32CubeIDE/STM32CubeIDE_1.14.1/STM32CubeIDE/plugins/com.st.stm32cube.ide.mcu.externaltools.gnu-tools-for-stm32.11.3.rel1.win32_1.1.100.202309141235/tools/bin/../lib/gcc/arm-none-eabi/11.3.1/../../../../arm-none-eabi/lib/thumb/v7e-m+fp/hard\libc_nano.a(libc_a-sbrkr.o)
                0x0000000008004370                _sbrk_r
 .text.memcpy   0x0000000008004390       0x1c D:/STM32CubeIDE/STM32CubeIDE_1.14.1/STM32CubeIDE/plugins/com.st.stm32cube.ide.mcu.externaltools.gnu-tools-for-stm32.11.3.rel1.win32_1.1.100.202309141235/tools/bin/../lib/gcc/arm-none-eabi/11.3.1/../../../../arm-none-eabi/lib/thumb/v7e-m+fp/hard\libc_nano.a(libc_a-memcpy-stub.o)
                0x0000000008004390                memcpy
 .text._realloc_r
                0x00000000080043ac       0x5e D:/STM32CubeIDE/STM32CubeIDE_1.14.1/STM32CubeIDE/plugins/com.st.stm32cube.ide.mcu.externaltools.gnu-tools-for-stm32.11.3.rel1.win32_1.1.100.202309141235/tools/bin/../lib/gcc/arm-none-eabi/11.3.1/../../../../arm-none-eabi/lib/thumb/v7e-m+fp/hard\libc_nano.a(libc_a-reallocr.o)
                0x00000000080043ac                _realloc_r
 .text._malloc_usable_size_r
                0x000000000800440a       0x10 D:/STM32CubeIDE/STM32CubeIDE_1.14.1/STM32CubeIDE/plugins/com.st.stm32cube.ide.mcu.externaltools.gnu-tools-for-stm32.11.3.rel1.win32_1.1.100.202309141235/tools/bin/../lib/gcc/arm-none-eabi/11.3.1/../../../../arm-none-eabi/lib/thumb/v7e-m+fp/hard\libc_nano.a(libc_a-msizer.o)
                0x000000000800440a                _malloc_usable_size_r
 *(.glue_7)
 .glue_7        0x000000000800441a        0x0 linker stubs
 *(.glue_7t)
 .glue_7t       0x000000000800441a        0x0 linker stubs
 *(.eh_frame)
 *fill*         0x000000000800441a        0x2 
 .eh_frame      0x000000000800441c        0x0 D:/STM32CubeIDE/STM32CubeIDE_1.14.1/STM32CubeIDE/plugins/com.st.stm32cube.ide.mcu.externaltools.gnu-tools-for-stm32.11.3.rel1.win32_1.1.100.202309141235/tools/bin/../lib/gcc/arm-none-eabi/11.3.1/thumb/v7e-m+fp/hard/crtbegin.o
 *(.init)
 .init          0x000000000800441c        0x4 D:/STM32CubeIDE/STM32CubeIDE_1.14.1/STM32CubeIDE/plugins/com.st.stm32cube.ide.mcu.externaltools.gnu-tools-for-stm32.11.3.rel1.win32_1.1.100.202309141235/tools/bin/../lib/gcc/arm-none-eabi/11.3.1/thumb/v7e-m+fp/hard/crti.o
                0x000000000800441c                _init
 .init          0x0000000008004420        0x8 D:/STM32CubeIDE/STM32CubeIDE_1.14.1/STM32CubeIDE/plugins/com.st.stm32cube.ide.mcu.externaltools.gnu-tools-for-stm32.11.3.rel1.win32_1.1.100.202309141235/tools/bin/../lib/gcc/arm-none-eabi/11.3.1/thumb/v7e-m+fp/hard/crtn.o
 *(.fini)
 .fini          0x0000000008004428        0x4 D:/STM32CubeIDE/STM32CubeIDE_1.14.1/STM32CubeIDE/plugins/com.st.stm32cube.ide.mcu.externaltools.gnu-tools-for-stm32.11.3.rel1.win32_1.1.100.202309141235/tools/bin/../lib/gcc/arm-none-eabi/11.3.1/thumb/v7e-m+fp/hard/crti.o
                0x0000000008004428                _fini
 .fini          0x000000000800442c        0x8 D:/STM32CubeIDE/STM32CubeIDE_1.14.1/STM32CubeIDE/plugins/com.st.stm32cube.ide.mcu.externaltools.gnu-tools-for-stm32.11.3.rel1.win32_1.1.100.202309141235/tools/bin/../lib/gcc/arm-none-eabi/11.3.1/thumb/v7e-m+fp/hard/crtn.o
                0x0000000008004434                . = ALIGN (0x4)
                0x0000000008004434                _etext = .

.vfp11_veneer   0x0000000008004434        0x0
 .vfp11_veneer  0x0000000008004434        0x0 linker stubs

.v4_bx          0x0000000008004434        0x0
 .v4_bx         0x0000000008004434        0x0 linker stubs

.iplt           0x0000000008004434        0x0
 .iplt          0x0000000008004434        0x0 D:/STM32CubeIDE/STM32CubeIDE_1.14.1/STM32CubeIDE/plugins/com.st.stm32cube.ide.mcu.externaltools.gnu-tools-for-stm32.11.3.rel1.win32_1.1.100.202309141235/tools/bin/../lib/gcc/arm-none-eabi/11.3.1/thumb/v7e-m+fp/hard/crtbegin.o

.rodata         0x0000000008004434       0x68
                0x0000000008004434                . = ALIGN (0x4)
 *(.rodata)
 .rodata        0x0000000008004434       0x1a ./Core/Src/main.o
 *(.rodata*)
 *fill*         0x000000000800444e        0x2 
 .rodata.AHBPrescTable
                0x0000000008004450       0x10 ./Core/Src/system_stm32f4xx.o
                0x0000000008004450                AHBPrescTable
 .rodata.APBPrescTable
                0x0000000008004460        0x8 ./Core/Src/system_stm32f4xx.o
                0x0000000008004460                APBPrescTable
 .rodata._svfprintf_r.str1.1
                0x0000000008004468       0x11 D:/STM32CubeIDE/STM32CubeIDE_1.14.1/STM32CubeIDE/plugins/com.st.stm32cube.ide.mcu.externaltools.gnu-tools-for-stm32.11.3.rel1.win32_1.1.100.202309141235/tools/bin/../lib/gcc/arm-none-eabi/11.3.1/../../../../arm-none-eabi/lib/thumb/v7e-m+fp/hard\libc_nano.a(libc_a-nano-svfprintf.o)
 .rodata._printf_i.str1.1
                0x0000000008004479       0x22 D:/STM32CubeIDE/STM32CubeIDE_1.14.1/STM32CubeIDE/plugins/com.st.stm32cube.ide.mcu.externaltools.gnu-tools-for-stm32.11.3.rel1.win32_1.1.100.202309141235/tools/bin/../lib/gcc/arm-none-eabi/11.3.1/../../../../arm-none-eabi/lib/thumb/v7e-m+fp/hard\libc_nano.a(libc_a-nano-vfprintf_i.o)
                0x000000000800449c                . = ALIGN (0x4)
 *fill*         0x000000000800449b        0x1 

.ARM.extab      0x000000000800449c        0x0
                0x000000000800449c                . = ALIGN (0x4)
 *(.ARM.extab* .gnu.linkonce.armextab.*)
                0x000000000800449c                . = ALIGN (0x4)

.ARM            0x000000000800449c        0x8
                0x000000000800449c                . = ALIGN (0x4)
                0x000000000800449c                __exidx_start = .
 *(.ARM.exidx*)
 .ARM.exidx     0x000000000800449c        0x8 D:/STM32CubeIDE/STM32CubeIDE_1.14.1/STM32CubeIDE/plugins/com.st.stm32cube.ide.mcu.externaltools.gnu-tools-for-stm32.11.3.rel1.win32_1.1.100.202309141235/tools/bin/../lib/gcc/arm-none-eabi/11.3.1/thumb/v7e-m+fp/hard\libgcc.a(_udivmoddi4.o)
                0x00000000080044a4                __exidx_end = .
                0x00000000080044a4                . = ALIGN (0x4)

.rel.dyn        0x00000000080044a4        0x0
 .rel.iplt      0x00000000080044a4        0x0 D:/STM32CubeIDE/STM32CubeIDE_1.14.1/STM32CubeIDE/plugins/com.st.stm32cube.ide.mcu.externaltools.gnu-tools-for-stm32.11.3.rel1.win32_1.1.100.202309141235/tools/bin/../lib/gcc/arm-none-eabi/11.3.1/thumb/v7e-m+fp/hard/crtbegin.o

.preinit_array  0x00000000080044a4        0x0
                0x00000000080044a4                . = ALIGN (0x4)
                0x00000000080044a4                PROVIDE (__preinit_array_start = .)
 *(.preinit_array*)
                0x00000000080044a4                PROVIDE (__preinit_array_end = .)
                0x00000000080044a4                . = ALIGN (0x4)

.init_array     0x00000000080044a4        0x4
                0x00000000080044a4                . = ALIGN (0x4)
                0x00000000080044a4                PROVIDE (__init_array_start = .)
 *(SORT_BY_NAME(.init_array.*))
 *(.init_array*)
 .init_array    0x00000000080044a4        0x4 D:/STM32CubeIDE/STM32CubeIDE_1.14.1/STM32CubeIDE/plugins/com.st.stm32cube.ide.mcu.externaltools.gnu-tools-for-stm32.11.3.rel1.win32_1.1.100.202309141235/tools/bin/../lib/gcc/arm-none-eabi/11.3.1/thumb/v7e-m+fp/hard/crtbegin.o
                0x00000000080044a8                PROVIDE (__init_array_end = .)
                0x00000000080044a8                . = ALIGN (0x4)

.fini_array     0x00000000080044a8        0x4
                0x00000000080044a8                . = ALIGN (0x4)
                [!provide]                        PROVIDE (__fini_array_start = .)
 *(SORT_BY_NAME(.fini_array.*))
 *(.fini_array*)
 .fini_array    0x00000000080044a8        0x4 D:/STM32CubeIDE/STM32CubeIDE_1.14.1/STM32CubeIDE/plugins/com.st.stm32cube.ide.mcu.externaltools.gnu-tools-for-stm32.11.3.rel1.win32_1.1.100.202309141235/tools/bin/../lib/gcc/arm-none-eabi/11.3.1/thumb/v7e-m+fp/hard/crtbegin.o
                [!provide]                        PROVIDE (__fini_array_end = .)
                0x00000000080044ac                . = ALIGN (0x4)
                0x00000000080044ac                _sidata = LOADADDR (.data)

.data           0x0000000020000000      0x470 load address 0x00000000080044ac
                0x0000000020000000                . = ALIGN (0x4)
                0x0000000020000000                _sdata = .
 *(.data)
 *(.data*)
 .data.is8BitsMode
                0x0000000020000000        0x1 ./Core/Src/lcd16x2.o
 .data.FunctionSet
                0x0000000020000001        0x1 ./Core/Src/lcd16x2.o
 *fill*         0x0000000020000002        0x2 
 .data.password
                0x0000000020000004       0x10 ./Core/Src/main.o
                0x0000000020000004                password
 .data.user_pass_str
                0x0000000020000014      0x400 ./Core/Src/main.o
                0x0000000020000014                user_pass_str
 .data.SystemCoreClock
                0x0000000020000414        0x4 ./Core/Src/system_stm32f4xx.o
                0x0000000020000414                SystemCoreClock
 .data.uwTickPrio
                0x0000000020000418        0x4 ./Drivers/STM32F4xx_HAL_Driver/Src/stm32f4xx_hal.o
                0x0000000020000418                uwTickPrio
 .data.uwTickFreq
                0x000000002000041c        0x1 ./Drivers/STM32F4xx_HAL_Driver/Src/stm32f4xx_hal.o
                0x000000002000041c                uwTickFreq
 *fill*         0x000000002000041d        0x3 
 .data._impure_data
                0x0000000020000420       0x4c D:/STM32CubeIDE/STM32CubeIDE_1.14.1/STM32CubeIDE/plugins/com.st.stm32cube.ide.mcu.externaltools.gnu-tools-for-stm32.11.3.rel1.win32_1.1.100.202309141235/tools/bin/../lib/gcc/arm-none-eabi/11.3.1/../../../../arm-none-eabi/lib/thumb/v7e-m+fp/hard\libc_nano.a(libc_a-impure.o)
                0x0000000020000420                _impure_data
 .data._impure_ptr
                0x000000002000046c        0x4 D:/STM32CubeIDE/STM32CubeIDE_1.14.1/STM32CubeIDE/plugins/com.st.stm32cube.ide.mcu.externaltools.gnu-tools-for-stm32.11.3.rel1.win32_1.1.100.202309141235/tools/bin/../lib/gcc/arm-none-eabi/11.3.1/../../../../arm-none-eabi/lib/thumb/v7e-m+fp/hard\libc_nano.a(libc_a-impure.o)
                0x000000002000046c                _impure_ptr
 *(.RamFunc)
 *(.RamFunc*)
                0x0000000020000470                . = ALIGN (0x4)
                0x0000000020000470                _edata = .
                0x000000000800491c                _siccmram = LOADADDR (.ccmram)

.igot.plt       0x0000000020000470        0x0 load address 0x000000000800491c
 .igot.plt      0x0000000020000470        0x0 D:/STM32CubeIDE/STM32CubeIDE_1.14.1/STM32CubeIDE/plugins/com.st.stm32cube.ide.mcu.externaltools.gnu-tools-for-stm32.11.3.rel1.win32_1.1.100.202309141235/tools/bin/../lib/gcc/arm-none-eabi/11.3.1/thumb/v7e-m+fp/hard/crtbegin.o

.ccmram         0x0000000010000000        0x0 load address 0x000000000800491c
                0x0000000010000000                . = ALIGN (0x4)
                0x0000000010000000                _sccmram = .
 *(.ccmram)
 *(.ccmram*)
                0x0000000010000000                . = ALIGN (0x4)
                0x0000000010000000                _eccmram = .
                0x0000000010000000                . = ALIGN (0x4)

.bss            0x0000000020000470      0x8f8
                0x0000000020000470                _sbss = .
                0x0000000020000470                __bss_start__ = _sbss
 *(.bss)
 .bss           0x0000000020000470       0x1c D:/STM32CubeIDE/STM32CubeIDE_1.14.1/STM32CubeIDE/plugins/com.st.stm32cube.ide.mcu.externaltools.gnu-tools-for-stm32.11.3.rel1.win32_1.1.100.202309141235/tools/bin/../lib/gcc/arm-none-eabi/11.3.1/thumb/v7e-m+fp/hard/crtbegin.o
 *(.bss*)
 .bss.PORT_RS_and_E
                0x000000002000048c        0x4 ./Core/Src/lcd16x2.o
 .bss.PIN_RS    0x0000000020000490        0x2 ./Core/Src/lcd16x2.o
 .bss.PIN_E     0x0000000020000492        0x2 ./Core/Src/lcd16x2.o
 .bss.PORT_LSB  0x0000000020000494        0x4 ./Core/Src/lcd16x2.o
 .bss.D0_PIN    0x0000000020000498        0x2 ./Core/Src/lcd16x2.o
 .bss.D1_PIN    0x000000002000049a        0x2 ./Core/Src/lcd16x2.o
 .bss.D2_PIN    0x000000002000049c        0x2 ./Core/Src/lcd16x2.o
 .bss.D3_PIN    0x000000002000049e        0x2 ./Core/Src/lcd16x2.o
 .bss.PORT_MSB  0x00000000200004a0        0x4 ./Core/Src/lcd16x2.o
 .bss.D4_PIN    0x00000000200004a4        0x2 ./Core/Src/lcd16x2.o
 .bss.D5_PIN    0x00000000200004a6        0x2 ./Core/Src/lcd16x2.o
 .bss.D6_PIN    0x00000000200004a8        0x2 ./Core/Src/lcd16x2.o
 .bss.D7_PIN    0x00000000200004aa        0x2 ./Core/Src/lcd16x2.o
 .bss.TxConfig  0x00000000200004ac       0x38 ./Core/Src/main.o
                0x00000000200004ac                TxConfig
 .bss.DMARxDscrTab
                0x00000000200004e4       0xa0 ./Core/Src/main.o
                0x00000000200004e4                DMARxDscrTab
 .bss.DMATxDscrTab
                0x0000000020000584       0xa0 ./Core/Src/main.o
                0x0000000020000584                DMATxDscrTab
 .bss.heth      0x0000000020000624       0xb0 ./Core/Src/main.o
                0x0000000020000624                heth
 .bss.huart3    0x00000000200006d4       0x48 ./Core/Src/main.o
                0x00000000200006d4                huart3
 .bss.hpcd_USB_OTG_FS
                0x000000002000071c      0x4e4 ./Core/Src/main.o
                0x000000002000071c                hpcd_USB_OTG_FS
 .bss.j         0x0000000020000c00        0x4 ./Core/Src/main.o
                0x0000000020000c00                j
 .bss.state     0x0000000020000c04        0x4 ./Core/Src/main.o
                0x0000000020000c04                state
 .bss.cur_time  0x0000000020000c08        0x4 ./Core/Src/main.o
                0x0000000020000c08                cur_time
 .bss.start_time
                0x0000000020000c0c        0x4 ./Core/Src/main.o
                0x0000000020000c0c                start_time
 .bss.MACAddr.0
                0x0000000020000c10        0x6 ./Core/Src/main.o
 *fill*         0x0000000020000c16        0x2 
 .bss.__sbrk_heap_end
                0x0000000020000c18        0x4 ./Core/Src/sysmem.o
 .bss.uwTick    0x0000000020000c1c        0x4 ./Drivers/STM32F4xx_HAL_Driver/Src/stm32f4xx_hal.o
                0x0000000020000c1c                uwTick
 .bss.__sf      0x0000000020000c20      0x138 D:/STM32CubeIDE/STM32CubeIDE_1.14.1/STM32CubeIDE/plugins/com.st.stm32cube.ide.mcu.externaltools.gnu-tools-for-stm32.11.3.rel1.win32_1.1.100.202309141235/tools/bin/../lib/gcc/arm-none-eabi/11.3.1/../../../../arm-none-eabi/lib/thumb/v7e-m+fp/hard\libc_nano.a(libc_a-findfp.o)
                0x0000000020000c20                __sf
 .bss.errno     0x0000000020000d58        0x4 D:/STM32CubeIDE/STM32CubeIDE_1.14.1/STM32CubeIDE/plugins/com.st.stm32cube.ide.mcu.externaltools.gnu-tools-for-stm32.11.3.rel1.win32_1.1.100.202309141235/tools/bin/../lib/gcc/arm-none-eabi/11.3.1/../../../../arm-none-eabi/lib/thumb/v7e-m+fp/hard\libc_nano.a(libc_a-reent.o)
                0x0000000020000d58                errno
 .bss.__lock___malloc_recursive_mutex
                0x0000000020000d5c        0x1 D:/STM32CubeIDE/STM32CubeIDE_1.14.1/STM32CubeIDE/plugins/com.st.stm32cube.ide.mcu.externaltools.gnu-tools-for-stm32.11.3.rel1.win32_1.1.100.202309141235/tools/bin/../lib/gcc/arm-none-eabi/11.3.1/../../../../arm-none-eabi/lib/thumb/v7e-m+fp/hard\libc_nano.a(libc_a-lock.o)
                0x0000000020000d5c                __lock___malloc_recursive_mutex
 *fill*         0x0000000020000d5d        0x3 
 .bss.__malloc_free_list
                0x0000000020000d60        0x4 D:/STM32CubeIDE/STM32CubeIDE_1.14.1/STM32CubeIDE/plugins/com.st.stm32cube.ide.mcu.externaltools.gnu-tools-for-stm32.11.3.rel1.win32_1.1.100.202309141235/tools/bin/../lib/gcc/arm-none-eabi/11.3.1/../../../../arm-none-eabi/lib/thumb/v7e-m+fp/hard\libc_nano.a(libc_a-mallocr.o)
                0x0000000020000d60                __malloc_free_list
 .bss.__malloc_sbrk_start
                0x0000000020000d64        0x4 D:/STM32CubeIDE/STM32CubeIDE_1.14.1/STM32CubeIDE/plugins/com.st.stm32cube.ide.mcu.externaltools.gnu-tools-for-stm32.11.3.rel1.win32_1.1.100.202309141235/tools/bin/../lib/gcc/arm-none-eabi/11.3.1/../../../../arm-none-eabi/lib/thumb/v7e-m+fp/hard\libc_nano.a(libc_a-mallocr.o)
                0x0000000020000d64                __malloc_sbrk_start
 *(COMMON)
                0x0000000020000d68                . = ALIGN (0x4)
                0x0000000020000d68                _ebss = .
                0x0000000020000d68                __bss_end__ = _ebss

._user_heap_stack
                0x0000000020000d68      0x600
                0x0000000020000d68                . = ALIGN (0x8)
                [!provide]                        PROVIDE (end = .)
                0x0000000020000d68                PROVIDE (_end = .)
                0x0000000020000f68                . = (. + _Min_Heap_Size)
 *fill*         0x0000000020000d68      0x200 
                0x0000000020001368                . = (. + _Min_Stack_Size)
 *fill*         0x0000000020000f68      0x400 
                0x0000000020001368                . = ALIGN (0x8)

/DISCARD/
 libc.a(*)
 libm.a(*)
 libgcc.a(*)

.ARM.attributes
                0x0000000000000000       0x30
 *(.ARM.attributes)
 .ARM.attributes
                0x0000000000000000       0x1e D:/STM32CubeIDE/STM32CubeIDE_1.14.1/STM32CubeIDE/plugins/com.st.stm32cube.ide.mcu.externaltools.gnu-tools-for-stm32.11.3.rel1.win32_1.1.100.202309141235/tools/bin/../lib/gcc/arm-none-eabi/11.3.1/thumb/v7e-m+fp/hard/crti.o
 .ARM.attributes
                0x000000000000001e       0x34 D:/STM32CubeIDE/STM32CubeIDE_1.14.1/STM32CubeIDE/plugins/com.st.stm32cube.ide.mcu.externaltools.gnu-tools-for-stm32.11.3.rel1.win32_1.1.100.202309141235/tools/bin/../lib/gcc/arm-none-eabi/11.3.1/thumb/v7e-m+fp/hard/crtbegin.o
 .ARM.attributes
                0x0000000000000052       0x34 ./Core/Src/lcd16x2.o
 .ARM.attributes
                0x0000000000000086       0x34 ./Core/Src/main.o
 .ARM.attributes
                0x00000000000000ba       0x34 ./Core/Src/stm32f4xx_hal_msp.o
 .ARM.attributes
                0x00000000000000ee       0x34 ./Core/Src/stm32f4xx_it.o
 .ARM.attributes
                0x0000000000000122       0x34 ./Core/Src/sysmem.o
 .ARM.attributes
                0x0000000000000156       0x34 ./Core/Src/system_stm32f4xx.o
 .ARM.attributes
                0x000000000000018a       0x21 ./Core/Startup/startup_stm32f439zitx.o
 .ARM.attributes
                0x00000000000001ab       0x34 ./Drivers/STM32F4xx_HAL_Driver/Src/stm32f4xx_hal.o
 .ARM.attributes
                0x00000000000001df       0x34 ./Drivers/STM32F4xx_HAL_Driver/Src/stm32f4xx_hal_cortex.o
 .ARM.attributes
                0x0000000000000213       0x34 ./Drivers/STM32F4xx_HAL_Driver/Src/stm32f4xx_hal_eth.o
 .ARM.attributes
                0x0000000000000247       0x34 ./Drivers/STM32F4xx_HAL_Driver/Src/stm32f4xx_hal_gpio.o
 .ARM.attributes
                0x000000000000027b       0x34 ./Drivers/STM32F4xx_HAL_Driver/Src/stm32f4xx_hal_pcd.o
 .ARM.attributes
                0x00000000000002af       0x34 ./Drivers/STM32F4xx_HAL_Driver/Src/stm32f4xx_hal_rcc.o
 .ARM.attributes
                0x00000000000002e3       0x34 ./Drivers/STM32F4xx_HAL_Driver/Src/stm32f4xx_hal_uart.o
 .ARM.attributes
                0x0000000000000317       0x34 ./Drivers/STM32F4xx_HAL_Driver/Src/stm32f4xx_ll_usb.o
 .ARM.attributes
                0x000000000000034b       0x34 D:/STM32CubeIDE/STM32CubeIDE_1.14.1/STM32CubeIDE/plugins/com.st.stm32cube.ide.mcu.externaltools.gnu-tools-for-stm32.11.3.rel1.win32_1.1.100.202309141235/tools/bin/../lib/gcc/arm-none-eabi/11.3.1/../../../../arm-none-eabi/lib/thumb/v7e-m+fp/hard\libc_nano.a(libc_a-findfp.o)
 .ARM.attributes
                0x000000000000037f       0x34 D:/STM32CubeIDE/STM32CubeIDE_1.14.1/STM32CubeIDE/plugins/com.st.stm32cube.ide.mcu.externaltools.gnu-tools-for-stm32.11.3.rel1.win32_1.1.100.202309141235/tools/bin/../lib/gcc/arm-none-eabi/11.3.1/../../../../arm-none-eabi/lib/thumb/v7e-m+fp/hard\libc_nano.a(libc_a-vsprintf.o)
 .ARM.attributes
                0x00000000000003b3       0x34 D:/STM32CubeIDE/STM32CubeIDE_1.14.1/STM32CubeIDE/plugins/com.st.stm32cube.ide.mcu.externaltools.gnu-tools-for-stm32.11.3.rel1.win32_1.1.100.202309141235/tools/bin/../lib/gcc/arm-none-eabi/11.3.1/../../../../arm-none-eabi/lib/thumb/v7e-m+fp/hard\libc_nano.a(libc_a-memset.o)
 .ARM.attributes
                0x00000000000003e7       0x34 D:/STM32CubeIDE/STM32CubeIDE_1.14.1/STM32CubeIDE/plugins/com.st.stm32cube.ide.mcu.externaltools.gnu-tools-for-stm32.11.3.rel1.win32_1.1.100.202309141235/tools/bin/../lib/gcc/arm-none-eabi/11.3.1/../../../../arm-none-eabi/lib/thumb/v7e-m+fp/hard\libc_nano.a(libc_a-reent.o)
 .ARM.attributes
                0x000000000000041b       0x34 D:/STM32CubeIDE/STM32CubeIDE_1.14.1/STM32CubeIDE/plugins/com.st.stm32cube.ide.mcu.externaltools.gnu-tools-for-stm32.11.3.rel1.win32_1.1.100.202309141235/tools/bin/../lib/gcc/arm-none-eabi/11.3.1/../../../../arm-none-eabi/lib/thumb/v7e-m+fp/hard\libc_nano.a(libc_a-impure.o)
 .ARM.attributes
                0x000000000000044f       0x34 D:/STM32CubeIDE/STM32CubeIDE_1.14.1/STM32CubeIDE/plugins/com.st.stm32cube.ide.mcu.externaltools.gnu-tools-for-stm32.11.3.rel1.win32_1.1.100.202309141235/tools/bin/../lib/gcc/arm-none-eabi/11.3.1/../../../../arm-none-eabi/lib/thumb/v7e-m+fp/hard\libc_nano.a(libc_a-errno.o)
 .ARM.attributes
                0x0000000000000483       0x34 D:/STM32CubeIDE/STM32CubeIDE_1.14.1/STM32CubeIDE/plugins/com.st.stm32cube.ide.mcu.externaltools.gnu-tools-for-stm32.11.3.rel1.win32_1.1.100.202309141235/tools/bin/../lib/gcc/arm-none-eabi/11.3.1/../../../../arm-none-eabi/lib/thumb/v7e-m+fp/hard\libc_nano.a(libc_a-init.o)
 .ARM.attributes
                0x00000000000004b7       0x34 D:/STM32CubeIDE/STM32CubeIDE_1.14.1/STM32CubeIDE/plugins/com.st.stm32cube.ide.mcu.externaltools.gnu-tools-for-stm32.11.3.rel1.win32_1.1.100.202309141235/tools/bin/../lib/gcc/arm-none-eabi/11.3.1/../../../../arm-none-eabi/lib/thumb/v7e-m+fp/hard\libc_nano.a(libc_a-lock.o)
 .ARM.attributes
                0x00000000000004eb       0x17 D:/STM32CubeIDE/STM32CubeIDE_1.14.1/STM32CubeIDE/plugins/com.st.stm32cube.ide.mcu.externaltools.gnu-tools-for-stm32.11.3.rel1.win32_1.1.100.202309141235/tools/bin/../lib/gcc/arm-none-eabi/11.3.1/../../../../arm-none-eabi/lib/thumb/v7e-m+fp/hard\libc_nano.a(libc_a-strlen.o)
 .ARM.attributes
                0x0000000000000502       0x34 D:/STM32CubeIDE/STM32CubeIDE_1.14.1/STM32CubeIDE/plugins/com.st.stm32cube.ide.mcu.externaltools.gnu-tools-for-stm32.11.3.rel1.win32_1.1.100.202309141235/tools/bin/../lib/gcc/arm-none-eabi/11.3.1/../../../../arm-none-eabi/lib/thumb/v7e-m+fp/hard\libc_nano.a(libc_a-freer.o)
 .ARM.attributes
                0x0000000000000536       0x34 D:/STM32CubeIDE/STM32CubeIDE_1.14.1/STM32CubeIDE/plugins/com.st.stm32cube.ide.mcu.externaltools.gnu-tools-for-stm32.11.3.rel1.win32_1.1.100.202309141235/tools/bin/../lib/gcc/arm-none-eabi/11.3.1/../../../../arm-none-eabi/lib/thumb/v7e-m+fp/hard\libc_nano.a(libc_a-mallocr.o)
 .ARM.attributes
                0x000000000000056a       0x34 D:/STM32CubeIDE/STM32CubeIDE_1.14.1/STM32CubeIDE/plugins/com.st.stm32cube.ide.mcu.externaltools.gnu-tools-for-stm32.11.3.rel1.win32_1.1.100.202309141235/tools/bin/../lib/gcc/arm-none-eabi/11.3.1/../../../../arm-none-eabi/lib/thumb/v7e-m+fp/hard\libc_nano.a(libc_a-mlock.o)
 .ARM.attributes
                0x000000000000059e       0x34 D:/STM32CubeIDE/STM32CubeIDE_1.14.1/STM32CubeIDE/plugins/com.st.stm32cube.ide.mcu.externaltools.gnu-tools-for-stm32.11.3.rel1.win32_1.1.100.202309141235/tools/bin/../lib/gcc/arm-none-eabi/11.3.1/../../../../arm-none-eabi/lib/thumb/v7e-m+fp/hard\libc_nano.a(libc_a-nano-svfprintf.o)
 .ARM.attributes
                0x00000000000005d2       0x34 D:/STM32CubeIDE/STM32CubeIDE_1.14.1/STM32CubeIDE/plugins/com.st.stm32cube.ide.mcu.externaltools.gnu-tools-for-stm32.11.3.rel1.win32_1.1.100.202309141235/tools/bin/../lib/gcc/arm-none-eabi/11.3.1/../../../../arm-none-eabi/lib/thumb/v7e-m+fp/hard\libc_nano.a(libc_a-nano-vfprintf_i.o)
 .ARM.attributes
                0x0000000000000606       0x34 D:/STM32CubeIDE/STM32CubeIDE_1.14.1/STM32CubeIDE/plugins/com.st.stm32cube.ide.mcu.externaltools.gnu-tools-for-stm32.11.3.rel1.win32_1.1.100.202309141235/tools/bin/../lib/gcc/arm-none-eabi/11.3.1/../../../../arm-none-eabi/lib/thumb/v7e-m+fp/hard\libc_nano.a(libc_a-memmove.o)
 .ARM.attributes
                0x000000000000063a       0x34 D:/STM32CubeIDE/STM32CubeIDE_1.14.1/STM32CubeIDE/plugins/com.st.stm32cube.ide.mcu.externaltools.gnu-tools-for-stm32.11.3.rel1.win32_1.1.100.202309141235/tools/bin/../lib/gcc/arm-none-eabi/11.3.1/../../../../arm-none-eabi/lib/thumb/v7e-m+fp/hard\libc_nano.a(libc_a-sbrkr.o)
 .ARM.attributes
                0x000000000000066e       0x1c D:/STM32CubeIDE/STM32CubeIDE_1.14.1/STM32CubeIDE/plugins/com.st.stm32cube.ide.mcu.externaltools.gnu-tools-for-stm32.11.3.rel1.win32_1.1.100.202309141235/tools/bin/../lib/gcc/arm-none-eabi/11.3.1/../../../../arm-none-eabi/lib/thumb/v7e-m+fp/hard\libc_nano.a(libc_a-memchr.o)
 .ARM.attributes
                0x000000000000068a       0x34 D:/STM32CubeIDE/STM32CubeIDE_1.14.1/STM32CubeIDE/plugins/com.st.stm32cube.ide.mcu.externaltools.gnu-tools-for-stm32.11.3.rel1.win32_1.1.100.202309141235/tools/bin/../lib/gcc/arm-none-eabi/11.3.1/../../../../arm-none-eabi/lib/thumb/v7e-m+fp/hard\libc_nano.a(libc_a-memcpy-stub.o)
 .ARM.attributes
                0x00000000000006be       0x34 D:/STM32CubeIDE/STM32CubeIDE_1.14.1/STM32CubeIDE/plugins/com.st.stm32cube.ide.mcu.externaltools.gnu-tools-for-stm32.11.3.rel1.win32_1.1.100.202309141235/tools/bin/../lib/gcc/arm-none-eabi/11.3.1/../../../../arm-none-eabi/lib/thumb/v7e-m+fp/hard\libc_nano.a(libc_a-reallocr.o)
 .ARM.attributes
                0x00000000000006f2       0x34 D:/STM32CubeIDE/STM32CubeIDE_1.14.1/STM32CubeIDE/plugins/com.st.stm32cube.ide.mcu.externaltools.gnu-tools-for-stm32.11.3.rel1.win32_1.1.100.202309141235/tools/bin/../lib/gcc/arm-none-eabi/11.3.1/../../../../arm-none-eabi/lib/thumb/v7e-m+fp/hard\libc_nano.a(libc_a-msizer.o)
 .ARM.attributes
                0x0000000000000726       0x1e D:/STM32CubeIDE/STM32CubeIDE_1.14.1/STM32CubeIDE/plugins/com.st.stm32cube.ide.mcu.externaltools.gnu-tools-for-stm32.11.3.rel1.win32_1.1.100.202309141235/tools/bin/../lib/gcc/arm-none-eabi/11.3.1/thumb/v7e-m+fp/hard\libgcc.a(_aeabi_uldivmod.o)
 .ARM.attributes
                0x0000000000000744       0x34 D:/STM32CubeIDE/STM32CubeIDE_1.14.1/STM32CubeIDE/plugins/com.st.stm32cube.ide.mcu.externaltools.gnu-tools-for-stm32.11.3.rel1.win32_1.1.100.202309141235/tools/bin/../lib/gcc/arm-none-eabi/11.3.1/thumb/v7e-m+fp/hard\libgcc.a(_udivmoddi4.o)
 .ARM.attributes
                0x0000000000000778       0x1e D:/STM32CubeIDE/STM32CubeIDE_1.14.1/STM32CubeIDE/plugins/com.st.stm32cube.ide.mcu.externaltools.gnu-tools-for-stm32.11.3.rel1.win32_1.1.100.202309141235/tools/bin/../lib/gcc/arm-none-eabi/11.3.1/thumb/v7e-m+fp/hard\libgcc.a(_dvmd_tls.o)
 .ARM.attributes
                0x0000000000000796       0x1e D:/STM32CubeIDE/STM32CubeIDE_1.14.1/STM32CubeIDE/plugins/com.st.stm32cube.ide.mcu.externaltools.gnu-tools-for-stm32.11.3.rel1.win32_1.1.100.202309141235/tools/bin/../lib/gcc/arm-none-eabi/11.3.1/thumb/v7e-m+fp/hard/crtn.o
OUTPUT(Embedded_Project.elf elf32-littlearm)
LOAD linker stubs
LOAD D:/STM32CubeIDE/STM32CubeIDE_1.14.1/STM32CubeIDE/plugins/com.st.stm32cube.ide.mcu.externaltools.gnu-tools-for-stm32.11.3.rel1.win32_1.1.100.202309141235/tools/bin/../lib/gcc/arm-none-eabi/11.3.1/../../../../arm-none-eabi/lib/thumb/v7e-m+fp/hard\libc.a
LOAD D:/STM32CubeIDE/STM32CubeIDE_1.14.1/STM32CubeIDE/plugins/com.st.stm32cube.ide.mcu.externaltools.gnu-tools-for-stm32.11.3.rel1.win32_1.1.100.202309141235/tools/bin/../lib/gcc/arm-none-eabi/11.3.1/../../../../arm-none-eabi/lib/thumb/v7e-m+fp/hard\libm.a
LOAD D:/STM32CubeIDE/STM32CubeIDE_1.14.1/STM32CubeIDE/plugins/com.st.stm32cube.ide.mcu.externaltools.gnu-tools-for-stm32.11.3.rel1.win32_1.1.100.202309141235/tools/bin/../lib/gcc/arm-none-eabi/11.3.1/thumb/v7e-m+fp/hard\libgcc.a

.comment        0x0000000000000000       0x43
 .comment       0x0000000000000000       0x43 D:/STM32CubeIDE/STM32CubeIDE_1.14.1/STM32CubeIDE/plugins/com.st.stm32cube.ide.mcu.externaltools.gnu-tools-for-stm32.11.3.rel1.win32_1.1.100.202309141235/tools/bin/../lib/gcc/arm-none-eabi/11.3.1/thumb/v7e-m+fp/hard/crtbegin.o
                                         0x44 (size before relaxing)
 .comment       0x0000000000000043       0x44 ./Core/Src/lcd16x2.o
 .comment       0x0000000000000043       0x44 ./Core/Src/main.o
 .comment       0x0000000000000043       0x44 ./Core/Src/stm32f4xx_hal_msp.o
 .comment       0x0000000000000043       0x44 ./Core/Src/stm32f4xx_it.o
 .comment       0x0000000000000043       0x44 ./Core/Src/sysmem.o
 .comment       0x0000000000000043       0x44 ./Core/Src/system_stm32f4xx.o
 .comment       0x0000000000000043       0x44 ./Drivers/STM32F4xx_HAL_Driver/Src/stm32f4xx_hal.o
 .comment       0x0000000000000043       0x44 ./Drivers/STM32F4xx_HAL_Driver/Src/stm32f4xx_hal_cortex.o
 .comment       0x0000000000000043       0x44 ./Drivers/STM32F4xx_HAL_Driver/Src/stm32f4xx_hal_eth.o
 .comment       0x0000000000000043       0x44 ./Drivers/STM32F4xx_HAL_Driver/Src/stm32f4xx_hal_gpio.o
 .comment       0x0000000000000043       0x44 ./Drivers/STM32F4xx_HAL_Driver/Src/stm32f4xx_hal_pcd.o
 .comment       0x0000000000000043       0x44 ./Drivers/STM32F4xx_HAL_Driver/Src/stm32f4xx_hal_rcc.o
 .comment       0x0000000000000043       0x44 ./Drivers/STM32F4xx_HAL_Driver/Src/stm32f4xx_hal_uart.o
 .comment       0x0000000000000043       0x44 ./Drivers/STM32F4xx_HAL_Driver/Src/stm32f4xx_ll_usb.o

.debug_info     0x0000000000000000     0xeea8
 .debug_info    0x0000000000000000      0x96f ./Core/Src/lcd16x2.o
 .debug_info    0x000000000000096f     0x1fb2 ./Core/Src/main.o
 .debug_info    0x0000000000002921     0x178f ./Core/Src/stm32f4xx_hal_msp.o
 .debug_info    0x00000000000040b0      0x15a ./Core/Src/stm32f4xx_it.o
 .debug_info    0x000000000000420a      0x168 ./Core/Src/sysmem.o
 .debug_info    0x0000000000004372      0x52e ./Core/Src/system_stm32f4xx.o
 .debug_info    0x00000000000048a0       0x23 ./Core/Startup/startup_stm32f439zitx.o
 .debug_info    0x00000000000048c3      0x9c0 ./Drivers/STM32F4xx_HAL_Driver/Src/stm32f4xx_hal.o
 .debug_info    0x0000000000005283      0xd93 ./Drivers/STM32F4xx_HAL_Driver/Src/stm32f4xx_hal_cortex.o
 .debug_info    0x0000000000006016     0x209d ./Drivers/STM32F4xx_HAL_Driver/Src/stm32f4xx_hal_eth.o
 .debug_info    0x00000000000080b3      0x6db ./Drivers/STM32F4xx_HAL_Driver/Src/stm32f4xx_hal_gpio.o
 .debug_info    0x000000000000878e     0x156f ./Drivers/STM32F4xx_HAL_Driver/Src/stm32f4xx_hal_pcd.o
 .debug_info    0x0000000000009cfd      0x8c9 ./Drivers/STM32F4xx_HAL_Driver/Src/stm32f4xx_hal_rcc.o
 .debug_info    0x000000000000a5c6     0x2f4f ./Drivers/STM32F4xx_HAL_Driver/Src/stm32f4xx_hal_uart.o
 .debug_info    0x000000000000d515     0x1993 ./Drivers/STM32F4xx_HAL_Driver/Src/stm32f4xx_ll_usb.o

.debug_abbrev   0x0000000000000000     0x1fc9
 .debug_abbrev  0x0000000000000000      0x25b ./Core/Src/lcd16x2.o
 .debug_abbrev  0x000000000000025b      0x374 ./Core/Src/main.o
 .debug_abbrev  0x00000000000005cf      0x253 ./Core/Src/stm32f4xx_hal_msp.o
 .debug_abbrev  0x0000000000000822       0xa0 ./Core/Src/stm32f4xx_it.o
 .debug_abbrev  0x00000000000008c2       0xbc ./Core/Src/sysmem.o
 .debug_abbrev  0x000000000000097e      0x11a ./Core/Src/system_stm32f4xx.o
 .debug_abbrev  0x0000000000000a98       0x12 ./Core/Startup/startup_stm32f439zitx.o
 .debug_abbrev  0x0000000000000aaa      0x214 ./Drivers/STM32F4xx_HAL_Driver/Src/stm32f4xx_hal.o
 .debug_abbrev  0x0000000000000cbe      0x328 ./Drivers/STM32F4xx_HAL_Driver/Src/stm32f4xx_hal_cortex.o
 .debug_abbrev  0x0000000000000fe6      0x2df ./Drivers/STM32F4xx_HAL_Driver/Src/stm32f4xx_hal_eth.o
 .debug_abbrev  0x00000000000012c5      0x1d4 ./Drivers/STM32F4xx_HAL_Driver/Src/stm32f4xx_hal_gpio.o
 .debug_abbrev  0x0000000000001499      0x2b9 ./Drivers/STM32F4xx_HAL_Driver/Src/stm32f4xx_hal_pcd.o
 .debug_abbrev  0x0000000000001752      0x2b6 ./Drivers/STM32F4xx_HAL_Driver/Src/stm32f4xx_hal_rcc.o
 .debug_abbrev  0x0000000000001a08      0x30e ./Drivers/STM32F4xx_HAL_Driver/Src/stm32f4xx_hal_uart.o
 .debug_abbrev  0x0000000000001d16      0x2b3 ./Drivers/STM32F4xx_HAL_Driver/Src/stm32f4xx_ll_usb.o

.debug_aranges  0x0000000000000000      0xc18
 .debug_aranges
                0x0000000000000000       0xc0 ./Core/Src/lcd16x2.o
 .debug_aranges
                0x00000000000000c0       0x58 ./Core/Src/main.o
 .debug_aranges
                0x0000000000000118       0x50 ./Core/Src/stm32f4xx_hal_msp.o
 .debug_aranges
                0x0000000000000168       0x70 ./Core/Src/stm32f4xx_it.o
 .debug_aranges
                0x00000000000001d8       0x20 ./Core/Src/sysmem.o
 .debug_aranges
                0x00000000000001f8       0x28 ./Core/Src/system_stm32f4xx.o
 .debug_aranges
                0x0000000000000220       0x28 ./Core/Startup/startup_stm32f439zitx.o
 .debug_aranges
                0x0000000000000248      0x100 ./Drivers/STM32F4xx_HAL_Driver/Src/stm32f4xx_hal.o
 .debug_aranges
                0x0000000000000348      0x120 ./Drivers/STM32F4xx_HAL_Driver/Src/stm32f4xx_hal_cortex.o
 .debug_aranges
                0x0000000000000468      0x1e0 ./Drivers/STM32F4xx_HAL_Driver/Src/stm32f4xx_hal_eth.o
 .debug_aranges
                0x0000000000000648       0x58 ./Drivers/STM32F4xx_HAL_Driver/Src/stm32f4xx_hal_gpio.o
 .debug_aranges
                0x00000000000006a0      0x148 ./Drivers/STM32F4xx_HAL_Driver/Src/stm32f4xx_hal_pcd.o
 .debug_aranges
                0x00000000000007e8       0x88 ./Drivers/STM32F4xx_HAL_Driver/Src/stm32f4xx_hal_rcc.o
 .debug_aranges
                0x0000000000000870      0x208 ./Drivers/STM32F4xx_HAL_Driver/Src/stm32f4xx_hal_uart.o
 .debug_aranges
                0x0000000000000a78      0x1a0 ./Drivers/STM32F4xx_HAL_Driver/Src/stm32f4xx_ll_usb.o

.debug_rnglists
                0x0000000000000000      0x967
 .debug_rnglists
                0x0000000000000000       0x8f ./Core/Src/lcd16x2.o
 .debug_rnglists
                0x000000000000008f       0x5c ./Core/Src/main.o
 .debug_rnglists
                0x00000000000000eb       0x3a ./Core/Src/stm32f4xx_hal_msp.o
 .debug_rnglists
                0x0000000000000125       0x4f ./Core/Src/stm32f4xx_it.o
 .debug_rnglists
                0x0000000000000174       0x13 ./Core/Src/sysmem.o
 .debug_rnglists
                0x0000000000000187       0x1a ./Core/Src/system_stm32f4xx.o
 .debug_rnglists
                0x00000000000001a1       0x19 ./Core/Startup/startup_stm32f439zitx.o
 .debug_rnglists
                0x00000000000001ba       0xbb ./Drivers/STM32F4xx_HAL_Driver/Src/stm32f4xx_hal.o
 .debug_rnglists
                0x0000000000000275       0xd4 ./Drivers/STM32F4xx_HAL_Driver/Src/stm32f4xx_hal_cortex.o
 .debug_rnglists
                0x0000000000000349      0x17c ./Drivers/STM32F4xx_HAL_Driver/Src/stm32f4xx_hal_eth.o
 .debug_rnglists
                0x00000000000004c5       0x3f ./Drivers/STM32F4xx_HAL_Driver/Src/stm32f4xx_hal_gpio.o
 .debug_rnglists
                0x0000000000000504       0xfa ./Drivers/STM32F4xx_HAL_Driver/Src/stm32f4xx_hal_pcd.o
 .debug_rnglists
                0x00000000000005fe       0x66 ./Drivers/STM32F4xx_HAL_Driver/Src/stm32f4xx_hal_rcc.o
 .debug_rnglists
                0x0000000000000664      0x1bc ./Drivers/STM32F4xx_HAL_Driver/Src/stm32f4xx_hal_uart.o
 .debug_rnglists
                0x0000000000000820      0x147 ./Drivers/STM32F4xx_HAL_Driver/Src/stm32f4xx_ll_usb.o

.debug_macro    0x0000000000000000    0x24ccc
 .debug_macro   0x0000000000000000      0x399 ./Core/Src/lcd16x2.o
 .debug_macro   0x0000000000000399      0xaa8 ./Core/Src/lcd16x2.o
 .debug_macro   0x0000000000000e41       0x22 ./Core/Src/lcd16x2.o
 .debug_macro   0x0000000000000e63      0x2a1 ./Core/Src/lcd16x2.o
 .debug_macro   0x0000000000001104       0x2e ./Core/Src/lcd16x2.o
 .debug_macro   0x0000000000001132       0x28 ./Core/Src/lcd16x2.o
 .debug_macro   0x000000000000115a       0x22 ./Core/Src/lcd16x2.o
 .debug_macro   0x000000000000117c       0x8e ./Core/Src/lcd16x2.o
 .debug_macro   0x000000000000120a       0x51 ./Core/Src/lcd16x2.o
 .debug_macro   0x000000000000125b      0x103 ./Core/Src/lcd16x2.o
 .debug_macro   0x000000000000135e       0x6a ./Core/Src/lcd16x2.o
 .debug_macro   0x00000000000013c8      0x1df ./Core/Src/lcd16x2.o
 .debug_macro   0x00000000000015a7       0x1c ./Core/Src/lcd16x2.o
 .debug_macro   0x00000000000015c3       0x22 ./Core/Src/lcd16x2.o
 .debug_macro   0x00000000000015e5       0xfb ./Core/Src/lcd16x2.o
 .debug_macro   0x00000000000016e0     0x1011 ./Core/Src/lcd16x2.o
 .debug_macro   0x00000000000026f1      0x11f ./Core/Src/lcd16x2.o
 .debug_macro   0x0000000000002810    0x18622 ./Core/Src/lcd16x2.o
 .debug_macro   0x000000000001ae32       0x6d ./Core/Src/lcd16x2.o
 .debug_macro   0x000000000001ae9f     0x3703 ./Core/Src/lcd16x2.o
 .debug_macro   0x000000000001e5a2      0x174 ./Core/Src/lcd16x2.o
 .debug_macro   0x000000000001e716       0x5c ./Core/Src/lcd16x2.o
 .debug_macro   0x000000000001e772      0xd2a ./Core/Src/lcd16x2.o
 .debug_macro   0x000000000001f49c      0x9e9 ./Core/Src/lcd16x2.o
 .debug_macro   0x000000000001fe85      0x115 ./Core/Src/lcd16x2.o
 .debug_macro   0x000000000001ff9a      0x156 ./Core/Src/lcd16x2.o
 .debug_macro   0x00000000000200f0       0xa5 ./Core/Src/lcd16x2.o
 .debug_macro   0x0000000000020195      0x182 ./Core/Src/lcd16x2.o
 .debug_macro   0x0000000000020317      0x287 ./Core/Src/lcd16x2.o
 .debug_macro   0x000000000002059e       0x5f ./Core/Src/lcd16x2.o
 .debug_macro   0x00000000000205fd      0x236 ./Core/Src/lcd16x2.o
 .debug_macro   0x0000000000020833      0xd44 ./Core/Src/lcd16x2.o
 .debug_macro   0x0000000000021577      0x132 ./Core/Src/lcd16x2.o
 .debug_macro   0x00000000000216a9      0x41d ./Core/Src/lcd16x2.o
 .debug_macro   0x0000000000021ac6       0x2e ./Core/Src/lcd16x2.o
 .debug_macro   0x0000000000021af4      0x127 ./Core/Src/lcd16x2.o
 .debug_macro   0x0000000000021c1b       0xe2 ./Core/Src/lcd16x2.o
 .debug_macro   0x0000000000021cfd       0x89 ./Core/Src/lcd16x2.o
 .debug_macro   0x0000000000021d86      0x2aa ./Core/Src/lcd16x2.o
 .debug_macro   0x0000000000022030      0x293 ./Core/Src/lcd16x2.o
 .debug_macro   0x00000000000222c3       0xba ./Core/Src/lcd16x2.o
 .debug_macro   0x000000000002237d      0x134 ./Core/Src/lcd16x2.o
 .debug_macro   0x00000000000224b1      0x19c ./Core/Src/lcd16x2.o
 .debug_macro   0x000000000002264d       0x61 ./Core/Src/lcd16x2.o
 .debug_macro   0x00000000000226ae       0x2a ./Core/Src/lcd16x2.o
 .debug_macro   0x00000000000226d8       0x43 ./Core/Src/lcd16x2.o
 .debug_macro   0x000000000002271b       0x34 ./Core/Src/lcd16x2.o
 .debug_macro   0x000000000002274f       0x16 ./Core/Src/lcd16x2.o
 .debug_macro   0x0000000000022765       0x43 ./Core/Src/lcd16x2.o
 .debug_macro   0x00000000000227a8       0x34 ./Core/Src/lcd16x2.o
 .debug_macro   0x00000000000227dc       0x10 ./Core/Src/lcd16x2.o
 .debug_macro   0x00000000000227ec       0x58 ./Core/Src/lcd16x2.o
 .debug_macro   0x0000000000022844       0x8e ./Core/Src/lcd16x2.o
 .debug_macro   0x00000000000228d2       0x1c ./Core/Src/lcd16x2.o
 .debug_macro   0x00000000000228ee      0x177 ./Core/Src/lcd16x2.o
 .debug_macro   0x0000000000022a65      0x369 ./Core/Src/lcd16x2.o
 .debug_macro   0x0000000000022dce       0x10 ./Core/Src/lcd16x2.o
 .debug_macro   0x0000000000022dde       0x35 ./Core/Src/lcd16x2.o
 .debug_macro   0x0000000000022e13       0x20 ./Core/Src/lcd16x2.o
 .debug_macro   0x0000000000022e33       0x1c ./Core/Src/lcd16x2.o
 .debug_macro   0x0000000000022e4f       0x10 ./Core/Src/lcd16x2.o
 .debug_macro   0x0000000000022e5f       0x1c ./Core/Src/lcd16x2.o
 .debug_macro   0x0000000000022e7b       0x16 ./Core/Src/lcd16x2.o
 .debug_macro   0x0000000000022e91      0x147 ./Core/Src/lcd16x2.o
 .debug_macro   0x0000000000022fd8       0x4c ./Core/Src/lcd16x2.o
 .debug_macro   0x0000000000023024      0x2dc ./Core/Src/main.o
 .debug_macro   0x0000000000023300      0x1f7 ./Core/Src/stm32f4xx_hal_msp.o
 .debug_macro   0x00000000000234f7      0x201 ./Core/Src/stm32f4xx_it.o
 .debug_macro   0x00000000000236f8       0xff ./Core/Src/sysmem.o
 .debug_macro   0x00000000000237f7      0x23c ./Core/Src/sysmem.o
 .debug_macro   0x0000000000023a33      0x1e8 ./Core/Src/system_stm32f4xx.o
 .debug_macro   0x0000000000023c1b      0x248 ./Drivers/STM32F4xx_HAL_Driver/Src/stm32f4xx_hal.o
 .debug_macro   0x0000000000023e63      0x1e8 ./Drivers/STM32F4xx_HAL_Driver/Src/stm32f4xx_hal_cortex.o
 .debug_macro   0x000000000002404b      0x2c2 ./Drivers/STM32F4xx_HAL_Driver/Src/stm32f4xx_hal_eth.o
 .debug_macro   0x000000000002430d      0x1ee ./Drivers/STM32F4xx_HAL_Driver/Src/stm32f4xx_hal_gpio.o
 .debug_macro   0x00000000000244fb      0x1f4 ./Drivers/STM32F4xx_HAL_Driver/Src/stm32f4xx_hal_pcd.o
 .debug_macro   0x00000000000246ef      0x20c ./Drivers/STM32F4xx_HAL_Driver/Src/stm32f4xx_hal_rcc.o
 .debug_macro   0x00000000000248fb      0x1e9 ./Drivers/STM32F4xx_HAL_Driver/Src/stm32f4xx_hal_uart.o
 .debug_macro   0x0000000000024ae4      0x1e8 ./Drivers/STM32F4xx_HAL_Driver/Src/stm32f4xx_ll_usb.o

.debug_line     0x0000000000000000     0xe013
 .debug_line    0x0000000000000000      0xdca ./Core/Src/lcd16x2.o
 .debug_line    0x0000000000000dca      0xce8 ./Core/Src/main.o
 .debug_line    0x0000000000001ab2      0x8a4 ./Core/Src/stm32f4xx_hal_msp.o
 .debug_line    0x0000000000002356      0x866 ./Core/Src/stm32f4xx_it.o
 .debug_line    0x0000000000002bbc      0x672 ./Core/Src/sysmem.o
 .debug_line    0x000000000000322e      0x7f5 ./Core/Src/system_stm32f4xx.o
 .debug_line    0x0000000000003a23       0x7a ./Core/Startup/startup_stm32f439zitx.o
 .debug_line    0x0000000000003a9d      0xa91 ./Drivers/STM32F4xx_HAL_Driver/Src/stm32f4xx_hal.o
 .debug_line    0x000000000000452e      0xd27 ./Drivers/STM32F4xx_HAL_Driver/Src/stm32f4xx_hal_cortex.o
 .debug_line    0x0000000000005255     0x19d0 ./Drivers/STM32F4xx_HAL_Driver/Src/stm32f4xx_hal_eth.o
 .debug_line    0x0000000000006c25      0xbf7 ./Drivers/STM32F4xx_HAL_Driver/Src/stm32f4xx_hal_gpio.o
 .debug_line    0x000000000000781c     0x14e9 ./Drivers/STM32F4xx_HAL_Driver/Src/stm32f4xx_hal_pcd.o
 .debug_line    0x0000000000008d05      0xdd4 ./Drivers/STM32F4xx_HAL_Driver/Src/stm32f4xx_hal_rcc.o
 .debug_line    0x0000000000009ad9     0x2918 ./Drivers/STM32F4xx_HAL_Driver/Src/stm32f4xx_hal_uart.o
 .debug_line    0x000000000000c3f1     0x1c22 ./Drivers/STM32F4xx_HAL_Driver/Src/stm32f4xx_ll_usb.o

.debug_str      0x0000000000000000    0xdd401
 .debug_str     0x0000000000000000    0xd84d1 ./Core/Src/lcd16x2.o
                                      0xd87d8 (size before relaxing)
 .debug_str     0x00000000000d84d1     0x167c ./Core/Src/main.o
                                      0xd9319 (size before relaxing)
 .debug_str     0x00000000000d9b4d       0xaf ./Core/Src/stm32f4xx_hal_msp.o
                                      0xd5802 (size before relaxing)
 .debug_str     0x00000000000d9bfc      0x108 ./Core/Src/stm32f4xx_it.o
                                      0xd49c2 (size before relaxing)
 .debug_str     0x00000000000d9d04      0x4dc ./Core/Src/sysmem.o
                                       0x605a (size before relaxing)
 .debug_str     0x00000000000da1e0       0xdb ./Core/Src/system_stm32f4xx.o
                                      0xd4486 (size before relaxing)
 .debug_str     0x00000000000da2bb       0x34 ./Core/Startup/startup_stm32f439zitx.o
                                         0x6c (size before relaxing)
 .debug_str     0x00000000000da2ef      0x637 ./Drivers/STM32F4xx_HAL_Driver/Src/stm32f4xx_hal.o
                                      0xd50b3 (size before relaxing)
 .debug_str     0x00000000000da926      0x342 ./Drivers/STM32F4xx_HAL_Driver/Src/stm32f4xx_hal_cortex.o
                                      0xd4daf (size before relaxing)
 .debug_str     0x00000000000dac68     0x11de ./Drivers/STM32F4xx_HAL_Driver/Src/stm32f4xx_hal_eth.o
                                      0xd5d1d (size before relaxing)
 .debug_str     0x00000000000dbe46       0x97 ./Drivers/STM32F4xx_HAL_Driver/Src/stm32f4xx_hal_gpio.o
                                      0xd4601 (size before relaxing)
 .debug_str     0x00000000000dbedd      0x7fc ./Drivers/STM32F4xx_HAL_Driver/Src/stm32f4xx_hal_pcd.o
                                      0xd4f51 (size before relaxing)
 .debug_str     0x00000000000dc6d9      0x21f ./Drivers/STM32F4xx_HAL_Driver/Src/stm32f4xx_hal_rcc.o
                                      0xd48ba (size before relaxing)
 .debug_str     0x00000000000dc8f8      0x65e ./Drivers/STM32F4xx_HAL_Driver/Src/stm32f4xx_hal_uart.o
                                      0xd4e88 (size before relaxing)
 .debug_str     0x00000000000dcf56      0x4ab ./Drivers/STM32F4xx_HAL_Driver/Src/stm32f4xx_ll_usb.o
                                      0xd4e2c (size before relaxing)

.debug_frame    0x0000000000000000     0x3790
 .debug_frame   0x0000000000000000      0x2ec ./Core/Src/lcd16x2.o
 .debug_frame   0x00000000000002ec      0x108 ./Core/Src/main.o
 .debug_frame   0x00000000000003f4      0x110 ./Core/Src/stm32f4xx_hal_msp.o
 .debug_frame   0x0000000000000504      0x13c ./Core/Src/stm32f4xx_it.o
 .debug_frame   0x0000000000000640       0x34 ./Core/Src/sysmem.o
 .debug_frame   0x0000000000000674       0x58 ./Core/Src/system_stm32f4xx.o
 .debug_frame   0x00000000000006cc      0x3b4 ./Drivers/STM32F4xx_HAL_Driver/Src/stm32f4xx_hal.o
 .debug_frame   0x0000000000000a80      0x4b8 ./Drivers/STM32F4xx_HAL_Driver/Src/stm32f4xx_hal_cortex.o
 .debug_frame   0x0000000000000f38      0x898 ./Drivers/STM32F4xx_HAL_Driver/Src/stm32f4xx_hal_eth.o
 .debug_frame   0x00000000000017d0      0x14c ./Drivers/STM32F4xx_HAL_Driver/Src/stm32f4xx_hal_gpio.o
 .debug_frame   0x000000000000191c      0x5b8 ./Drivers/STM32F4xx_HAL_Driver/Src/stm32f4xx_hal_pcd.o
 .debug_frame   0x0000000000001ed4      0x1f4 ./Drivers/STM32F4xx_HAL_Driver/Src/stm32f4xx_hal_rcc.o
 .debug_frame   0x00000000000020c8      0x954 ./Drivers/STM32F4xx_HAL_Driver/Src/stm32f4xx_hal_uart.o
 .debug_frame   0x0000000000002a1c      0x7c0 ./Drivers/STM32F4xx_HAL_Driver/Src/stm32f4xx_ll_usb.o
 .debug_frame   0x00000000000031dc      0x144 D:/STM32CubeIDE/STM32CubeIDE_1.14.1/STM32CubeIDE/plugins/com.st.stm32cube.ide.mcu.externaltools.gnu-tools-for-stm32.11.3.rel1.win32_1.1.100.202309141235/tools/bin/../lib/gcc/arm-none-eabi/11.3.1/../../../../arm-none-eabi/lib/thumb/v7e-m+fp/hard\libc_nano.a(libc_a-findfp.o)
 .debug_frame   0x0000000000003320       0x3c D:/STM32CubeIDE/STM32CubeIDE_1.14.1/STM32CubeIDE/plugins/com.st.stm32cube.ide.mcu.externaltools.gnu-tools-for-stm32.11.3.rel1.win32_1.1.100.202309141235/tools/bin/../lib/gcc/arm-none-eabi/11.3.1/../../../../arm-none-eabi/lib/thumb/v7e-m+fp/hard\libc_nano.a(libc_a-vsprintf.o)
 .debug_frame   0x000000000000335c       0x20 D:/STM32CubeIDE/STM32CubeIDE_1.14.1/STM32CubeIDE/plugins/com.st.stm32cube.ide.mcu.externaltools.gnu-tools-for-stm32.11.3.rel1.win32_1.1.100.202309141235/tools/bin/../lib/gcc/arm-none-eabi/11.3.1/../../../../arm-none-eabi/lib/thumb/v7e-m+fp/hard\libc_nano.a(libc_a-memset.o)
 .debug_frame   0x000000000000337c       0x38 D:/STM32CubeIDE/STM32CubeIDE_1.14.1/STM32CubeIDE/plugins/com.st.stm32cube.ide.mcu.externaltools.gnu-tools-for-stm32.11.3.rel1.win32_1.1.100.202309141235/tools/bin/../lib/gcc/arm-none-eabi/11.3.1/../../../../arm-none-eabi/lib/thumb/v7e-m+fp/hard\libc_nano.a(libc_a-reent.o)
 .debug_frame   0x00000000000033b4       0x20 D:/STM32CubeIDE/STM32CubeIDE_1.14.1/STM32CubeIDE/plugins/com.st.stm32cube.ide.mcu.externaltools.gnu-tools-for-stm32.11.3.rel1.win32_1.1.100.202309141235/tools/bin/../lib/gcc/arm-none-eabi/11.3.1/../../../../arm-none-eabi/lib/thumb/v7e-m+fp/hard\libc_nano.a(libc_a-errno.o)
 .debug_frame   0x00000000000033d4       0x2c D:/STM32CubeIDE/STM32CubeIDE_1.14.1/STM32CubeIDE/plugins/com.st.stm32cube.ide.mcu.externaltools.gnu-tools-for-stm32.11.3.rel1.win32_1.1.100.202309141235/tools/bin/../lib/gcc/arm-none-eabi/11.3.1/../../../../arm-none-eabi/lib/thumb/v7e-m+fp/hard\libc_nano.a(libc_a-init.o)
 .debug_frame   0x0000000000003400       0xb0 D:/STM32CubeIDE/STM32CubeIDE_1.14.1/STM32CubeIDE/plugins/com.st.stm32cube.ide.mcu.externaltools.gnu-tools-for-stm32.11.3.rel1.win32_1.1.100.202309141235/tools/bin/../lib/gcc/arm-none-eabi/11.3.1/../../../../arm-none-eabi/lib/thumb/v7e-m+fp/hard\libc_nano.a(libc_a-lock.o)
 .debug_frame   0x00000000000034b0       0x38 D:/STM32CubeIDE/STM32CubeIDE_1.14.1/STM32CubeIDE/plugins/com.st.stm32cube.ide.mcu.externaltools.gnu-tools-for-stm32.11.3.rel1.win32_1.1.100.202309141235/tools/bin/../lib/gcc/arm-none-eabi/11.3.1/../../../../arm-none-eabi/lib/thumb/v7e-m+fp/hard\libc_nano.a(libc_a-freer.o)
 .debug_frame   0x00000000000034e8       0x50 D:/STM32CubeIDE/STM32CubeIDE_1.14.1/STM32CubeIDE/plugins/com.st.stm32cube.ide.mcu.externaltools.gnu-tools-for-stm32.11.3.rel1.win32_1.1.100.202309141235/tools/bin/../lib/gcc/arm-none-eabi/11.3.1/../../../../arm-none-eabi/lib/thumb/v7e-m+fp/hard\libc_nano.a(libc_a-mallocr.o)
 .debug_frame   0x0000000000003538       0x30 D:/STM32CubeIDE/STM32CubeIDE_1.14.1/STM32CubeIDE/plugins/com.st.stm32cube.ide.mcu.externaltools.gnu-tools-for-stm32.11.3.rel1.win32_1.1.100.202309141235/tools/bin/../lib/gcc/arm-none-eabi/11.3.1/../../../../arm-none-eabi/lib/thumb/v7e-m+fp/hard\libc_nano.a(libc_a-mlock.o)
 .debug_frame   0x0000000000003568       0x90 D:/STM32CubeIDE/STM32CubeIDE_1.14.1/STM32CubeIDE/plugins/com.st.stm32cube.ide.mcu.externaltools.gnu-tools-for-stm32.11.3.rel1.win32_1.1.100.202309141235/tools/bin/../lib/gcc/arm-none-eabi/11.3.1/../../../../arm-none-eabi/lib/thumb/v7e-m+fp/hard\libc_nano.a(libc_a-nano-svfprintf.o)
 .debug_frame   0x00000000000035f8       0x60 D:/STM32CubeIDE/STM32CubeIDE_1.14.1/STM32CubeIDE/plugins/com.st.stm32cube.ide.mcu.externaltools.gnu-tools-for-stm32.11.3.rel1.win32_1.1.100.202309141235/tools/bin/../lib/gcc/arm-none-eabi/11.3.1/../../../../arm-none-eabi/lib/thumb/v7e-m+fp/hard\libc_nano.a(libc_a-nano-vfprintf_i.o)
 .debug_frame   0x0000000000003658       0x28 D:/STM32CubeIDE/STM32CubeIDE_1.14.1/STM32CubeIDE/plugins/com.st.stm32cube.ide.mcu.externaltools.gnu-tools-for-stm32.11.3.rel1.win32_1.1.100.202309141235/tools/bin/../lib/gcc/arm-none-eabi/11.3.1/../../../../arm-none-eabi/lib/thumb/v7e-m+fp/hard\libc_nano.a(libc_a-memmove.o)
 .debug_frame   0x0000000000003680       0x2c D:/STM32CubeIDE/STM32CubeIDE_1.14.1/STM32CubeIDE/plugins/com.st.stm32cube.ide.mcu.externaltools.gnu-tools-for-stm32.11.3.rel1.win32_1.1.100.202309141235/tools/bin/../lib/gcc/arm-none-eabi/11.3.1/../../../../arm-none-eabi/lib/thumb/v7e-m+fp/hard\libc_nano.a(libc_a-sbrkr.o)
 .debug_frame   0x00000000000036ac       0x28 D:/STM32CubeIDE/STM32CubeIDE_1.14.1/STM32CubeIDE/plugins/com.st.stm32cube.ide.mcu.externaltools.gnu-tools-for-stm32.11.3.rel1.win32_1.1.100.202309141235/tools/bin/../lib/gcc/arm-none-eabi/11.3.1/../../../../arm-none-eabi/lib/thumb/v7e-m+fp/hard\libc_nano.a(libc_a-memcpy-stub.o)
 .debug_frame   0x00000000000036d4       0x3c D:/STM32CubeIDE/STM32CubeIDE_1.14.1/STM32CubeIDE/plugins/com.st.stm32cube.ide.mcu.externaltools.gnu-tools-for-stm32.11.3.rel1.win32_1.1.100.202309141235/tools/bin/../lib/gcc/arm-none-eabi/11.3.1/../../../../arm-none-eabi/lib/thumb/v7e-m+fp/hard\libc_nano.a(libc_a-reallocr.o)
 .debug_frame   0x0000000000003710       0x20 D:/STM32CubeIDE/STM32CubeIDE_1.14.1/STM32CubeIDE/plugins/com.st.stm32cube.ide.mcu.externaltools.gnu-tools-for-stm32.11.3.rel1.win32_1.1.100.202309141235/tools/bin/../lib/gcc/arm-none-eabi/11.3.1/../../../../arm-none-eabi/lib/thumb/v7e-m+fp/hard\libc_nano.a(libc_a-msizer.o)
 .debug_frame   0x0000000000003730       0x2c D:/STM32CubeIDE/STM32CubeIDE_1.14.1/STM32CubeIDE/plugins/com.st.stm32cube.ide.mcu.externaltools.gnu-tools-for-stm32.11.3.rel1.win32_1.1.100.202309141235/tools/bin/../lib/gcc/arm-none-eabi/11.3.1/thumb/v7e-m+fp/hard\libgcc.a(_aeabi_uldivmod.o)
 .debug_frame   0x000000000000375c       0x34 D:/STM32CubeIDE/STM32CubeIDE_1.14.1/STM32CubeIDE/plugins/com.st.stm32cube.ide.mcu.externaltools.gnu-tools-for-stm32.11.3.rel1.win32_1.1.100.202309141235/tools/bin/../lib/gcc/arm-none-eabi/11.3.1/thumb/v7e-m+fp/hard\libgcc.a(_udivmoddi4.o)

.debug_line_str
                0x0000000000000000       0x60
 .debug_line_str
                0x0000000000000000       0x60 ./Core/Startup/startup_stm32f439zitx.o
                                         0x78 (size before relaxing)
